Archive member included to satisfy reference by file (symbol)

/Users/andrewowen/Library/Application Support/Code/User/globalStorage/vexrobotics.vexcode/sdk/cpp/V5/V5_20240223_11_00_00/vexv5/libv5rt.a(v5_startup.c.obj)
                              (vexStartup)
/Users/andrewowen/Library/Application Support/Code/User/globalStorage/vexrobotics.vexcode/sdk/cpp/V5/V5_20240223_11_00_00/vexv5/libv5rt.a(v5_util.c.obj)
                              /Users/andrewowen/Library/Application Support/Code/User/globalStorage/vexrobotics.vexcode/sdk/cpp/V5/V5_20240223_11_00_00/vexv5/libv5rt.a(v5_startup.c.obj) (vexStdlibVersionLinked)
/Users/andrewowen/Library/Application Support/Code/User/globalStorage/vexrobotics.vexcode/sdk/cpp/V5/V5_20240223_11_00_00/vexv5/libv5rt.a(v5_apijump.c.obj)
                              /Users/andrewowen/Library/Application Support/Code/User/globalStorage/vexrobotics.vexcode/sdk/cpp/V5/V5_20240223_11_00_00/vexv5/libv5rt.a(v5_startup.c.obj) (vexPrivateApiEnable)
/Users/andrewowen/Library/Application Support/Code/User/globalStorage/vexrobotics.vexcode/sdk/cpp/V5/V5_20240223_11_00_00/vexv5/libv5rt.a(v5_apiversions.c.obj)
                              /Users/andrewowen/Library/Application Support/Code/User/globalStorage/vexrobotics.vexcode/sdk/cpp/V5/V5_20240223_11_00_00/vexv5/libv5rt.a(v5_apijump.c.obj) (vexSystemVersion)
/Users/andrewowen/Library/Application Support/Code/User/globalStorage/vexrobotics.vexcode/sdk/cpp/V5/V5_20240223_11_00_00/vexv5/libv5rt.a(vex_global.cpp.obj)
                              build/src/main.o (vex::wait(double, vex::timeUnits))
/Users/andrewowen/Library/Application Support/Code/User/globalStorage/vexrobotics.vexcode/sdk/cpp/V5/V5_20240223_11_00_00/vexv5/libv5rt.a(vex_motor.cpp.obj)
                              build/src/main.o (vex::motor::~motor())
/Users/andrewowen/Library/Application Support/Code/User/globalStorage/vexrobotics.vexcode/sdk/cpp/V5/V5_20240223_11_00_00/vexv5/libv5rt.a(vex_imu.cpp.obj)
                              build/src/robot-config.o (vex::inertial::~inertial())
/Users/andrewowen/Library/Application Support/Code/User/globalStorage/vexrobotics.vexcode/sdk/cpp/V5/V5_20240223_11_00_00/vexv5/libv5rt.a(vex_controller.cpp.obj)
                              build/src/robot-config.o (vex::controller::~controller())
/Users/andrewowen/Library/Application Support/Code/User/globalStorage/vexrobotics.vexcode/sdk/cpp/V5/V5_20240223_11_00_00/vexv5/libv5rt.a(vex_thread.cpp.obj)
                              build/src/main.o (vex::thread::thread(int (*)()))
/Users/andrewowen/Library/Application Support/Code/User/globalStorage/vexrobotics.vexcode/sdk/cpp/V5/V5_20240223_11_00_00/vexv5/libv5rt.a(vex_event.cpp.obj)
                              /Users/andrewowen/Library/Application Support/Code/User/globalStorage/vexrobotics.vexcode/sdk/cpp/V5/V5_20240223_11_00_00/vexv5/libv5rt.a(vex_imu.cpp.obj) (vex::event::init(unsigned long, unsigned long, void (*)()))
/Users/andrewowen/Library/Application Support/Code/User/globalStorage/vexrobotics.vexcode/sdk/cpp/V5/V5_20240223_11_00_00/vexv5/libv5rt.a(vex_mevent.cpp.obj)
                              /Users/andrewowen/Library/Application Support/Code/User/globalStorage/vexrobotics.vexcode/sdk/cpp/V5/V5_20240223_11_00_00/vexv5/libv5rt.a(vex_controller.cpp.obj) (vex::mevent::mevent(unsigned long, unsigned long))
/Users/andrewowen/Library/Application Support/Code/User/globalStorage/vexrobotics.vexcode/sdk/cpp/V5/V5_20240223_11_00_00/vexv5/libv5rt.a(vex_brain.cpp.obj)
                              build/src/robot-config.o (vex::brain::brain())
/Users/andrewowen/Library/Application Support/Code/User/globalStorage/vexrobotics.vexcode/sdk/cpp/V5/V5_20240223_11_00_00/vexv5/libv5rt.a(vex_competition.cpp.obj)
                              build/src/main.o (vex::competition::competition())
/Users/andrewowen/Library/Application Support/Code/User/globalStorage/vexrobotics.vexcode/sdk/cpp/V5/V5_20240223_11_00_00/vexv5/libv5rt.a(vex_triport.cpp.obj)
                              /Users/andrewowen/Library/Application Support/Code/User/globalStorage/vexrobotics.vexcode/sdk/cpp/V5/V5_20240223_11_00_00/vexv5/libv5rt.a(vex_brain.cpp.obj) (vex::triport::~triport())
/Users/andrewowen/Library/Application Support/Code/User/globalStorage/vexrobotics.vexcode/sdk/cpp/V5/V5_20240223_11_00_00/vexv5/libv5rt.a(vex_color.cpp.obj)
                              /Users/andrewowen/Library/Application Support/Code/User/globalStorage/vexrobotics.vexcode/sdk/cpp/V5/V5_20240223_11_00_00/vexv5/libv5rt.a(vex_brain.cpp.obj) (vex::color::operator unsigned long() const)
/Users/andrewowen/Library/Application Support/Code/User/globalStorage/vexrobotics.vexcode/sdk/cpp/V5/V5_20240223_11_00_00/vexv5/libv5rt.a(vex_timer.cpp.obj)
                              /Users/andrewowen/Library/Application Support/Code/User/globalStorage/vexrobotics.vexcode/sdk/cpp/V5/V5_20240223_11_00_00/vexv5/libv5rt.a(vex_brain.cpp.obj) (vex::timer::~timer())
[...]
Memory Configuration

Name             Origin             Length             Attributes
ps7_ddr_0_S_AXI_BASEADDR 0x0000000003800000 0x0000000004800000
*default*        0x0000000000000000 0xffffffffffffffff

Linker script and memory map

                0x0000000000002000                _STACK_SIZE = DEFINED (_STACK_SIZE)?_STACK_SIZE:0x2000
                0x0000000000100000                _HEAP_SIZE = DEFINED (_HEAP_SIZE)?_HEAP_SIZE:0x100000
                0x0000000000000400                _ABORT_STACK_SIZE = DEFINED (_ABORT_STACK_SIZE)?_ABORT_STACK_SIZE:0x400
                0x0000000000000800                _SUPERVISOR_STACK_SIZE = DEFINED (_SUPERVISOR_STACK_SIZE)?_SUPERVISOR_STACK_SIZE:0x800
                0x0000000000000400                _IRQ_STACK_SIZE = DEFINED (_IRQ_STACK_SIZE)?_IRQ_STACK_SIZE:0x400
                0x0000000000000400                _FIQ_STACK_SIZE = DEFINED (_FIQ_STACK_SIZE)?_FIQ_STACK_SIZE:0x400
                0x0000000000000400                _UNDEF_STACK_SIZE = DEFINED (_UNDEF_STACK_SIZE)?_UNDEF_STACK_SIZE:0x400

.text           0x0000000003800000     0x3de8
 *(.vectors)
 *(.boot_data)
 .boot_data     0x0000000003800000       0x20 /Users/andrewowen/Library/Application Support/Code/User/globalStorage/vexrobotics.vexcode/sdk/cpp/V5/V5_20240223_11_00_00/vexv5/libv5rt.a(v5_startup.c.obj)
                0x0000000003800000                vexCodeSig
                0x0000000000000020                . = 0x20
 *(.boot)
 .boot          0x0000000003800020       0xbc /Users/andrewowen/Library/Application Support/Code/User/globalStorage/vexrobotics.vexcode/sdk/cpp/V5/V5_20240223_11_00_00/vexv5/libv5rt.a(v5_startup.c.obj)
                0x0000000003800020                vexStartup
                0x0000000003800100                . = ALIGN (0x40)
 *fill*         0x00000000038000dc       0x24 
 *(.freertos_vectors)
 *(.text)
 *(.text.*)
 .text._Z9switchArm11ArmPosition
                0x0000000003800100       0x60 build/src/driverControl.o
                0x0000000003800100                switchArm(ArmPosition)
 .text._Z14setDriveMotorsddd
                0x0000000003800160      0x2b8 build/src/driverControl.o
                0x0000000003800160                setDriveMotors(double, double, double)
 .text._Z10initializev
                0x0000000003800418      0x108 build/src/main.o
                0x0000000003800418                initialize()
 .text._Z10autonomousv
                0x0000000003800520        0x4 build/src/main.o
                0x0000000003800520                autonomous()
 .text._Z17onButtonR1Changedj
                0x0000000003800524       0x94 build/src/main.o
                0x0000000003800524                onButtonR1Changed(unsigned int)
 .text._Z17onButtonR2Changedj
                0x00000000038005b8       0x90 build/src/main.o
                0x00000000038005b8                onButtonR2Changed(unsigned int)
 .text._Z17onButtonL1Changedj
                0x0000000003800648       0x54 build/src/main.o
                0x0000000003800648                onButtonL1Changed(unsigned int)
 .text._Z11usercontrolv
                0x000000000380069c      0x1ac build/src/main.o
                0x000000000380069c                usercontrol()
 .text._Z17printThreadRunnerv
                0x0000000003800848       0x68 build/src/main.o
                0x0000000003800848                printThreadRunner()
 .text.main     0x00000000038008b0       0x78 build/src/main.o
                0x00000000038008b0                main
 .text._ZN16ControllerButtonIL20ControllerButtonType10EE7changedEv
                0x0000000003800928       0xc8 build/src/main.o
                0x0000000003800928                ControllerButton<(ControllerButtonType)10>::changed()
 .text._ZN16ControllerButtonIL20ControllerButtonType10EE8callbackEv
                0x00000000038009f0       0x18 build/src/main.o
                0x00000000038009f0                ControllerButton<(ControllerButtonType)10>::callback()
 .text._ZN16ControllerButtonIL20ControllerButtonType11EE7changedEv
                0x0000000003800a08       0xc8 build/src/main.o
                0x0000000003800a08                ControllerButton<(ControllerButtonType)11>::changed()
 .text._ZN16ControllerButtonIL20ControllerButtonType11EE8callbackEv
                0x0000000003800ad0       0x18 build/src/main.o
                0x0000000003800ad0                ControllerButton<(ControllerButtonType)11>::callback()
 .text._ZN16ControllerButtonIL20ControllerButtonType8EE7changedEv
                0x0000000003800ae8       0xc8 build/src/main.o
                0x0000000003800ae8                ControllerButton<(ControllerButtonType)8>::changed()
 .text._ZN16ControllerButtonIL20ControllerButtonType8EE8callbackEv
                0x0000000003800bb0       0x18 build/src/main.o
                0x0000000003800bb0                ControllerButton<(ControllerButtonType)8>::callback()
 .text._GLOBAL__sub_I_main.cpp
                0x0000000003800bc8       0x34 build/src/main.o
 *fill*         0x0000000003800bfc        0x4 
 .text._Z16setupDriveMotorsRN3vex11motor_groupE
                0x0000000003800c00       0xa0 build/src/robot-config.o
                0x0000000003800c00                setupDriveMotors(vex::motor_group&)
 .text._Z13setupArmMotorN3vex5motorE
                0x0000000003800ca0      0x210 build/src/robot-config.o
                0x0000000003800ca0                setupArmMotor(vex::motor)
 .text._GLOBAL__sub_I_robot_config.cpp
                0x0000000003800eb0      0x28c build/src/robot-config.o
 .text.vexMain  0x000000000380113c       0xb0 /Users/andrewowen/Library/Application Support/Code/User/globalStorage/vexrobotics.vexcode/sdk/cpp/V5/V5_20240223_11_00_00/vexv5/libv5rt.a(v5_startup.c.obj)
                0x000000000380113c                vexMain
 .text.__vex_function_prolog
                0x00000000038011ec       0x18 /Users/andrewowen/Library/Application Support/Code/User/globalStorage/vexrobotics.vexcode/sdk/cpp/V5/V5_20240223_11_00_00/vexv5/libv5rt.a(v5_startup.c.obj)
                0x00000000038011ec                __vex_function_prolog
 .text._init    0x0000000003801204        0x4 /Users/andrewowen/Library/Application Support/Code/User/globalStorage/vexrobotics.vexcode/sdk/cpp/V5/V5_20240223_11_00_00/vexv5/libv5rt.a(v5_startup.c.obj)
                0x0000000003801204                _init
 .text._fini    0x0000000003801208        0x4 /Users/andrewowen/Library/Application Support/Code/User/globalStorage/vexrobotics.vexcode/sdk/cpp/V5/V5_20240223_11_00_00/vexv5/libv5rt.a(v5_startup.c.obj)
                0x0000000003801208                _fini
 .text.vexStdlibVersionLinked
                0x000000000380120c        0xc /Users/andrewowen/Library/Application Support/Code/User/globalStorage/vexrobotics.vexcode/sdk/cpp/V5/V5_20240223_11_00_00/vexv5/libv5rt.a(v5_util.c.obj)
                0x000000000380120c                vexStdlibVersionLinked
 .text.vexStdlibVersionVerify
                0x0000000003801218       0x30 /Users/andrewowen/Library/Application Support/Code/User/globalStorage/vexrobotics.vexcode/sdk/cpp/V5/V5_20240223_11_00_00/vexv5/libv5rt.a(v5_util.c.obj)
                0x0000000003801218                vexStdlibVersionVerify
 .text.vexPrivateApiEnable
                0x0000000003801248       0x10 /Users/andrewowen/Library/Application Support/Code/User/globalStorage/vexrobotics.vexcode/sdk/cpp/V5/V5_20240223_11_00_00/vexv5/libv5rt.a(v5_apijump.c.obj)
                0x0000000003801248                vexPrivateApiEnable
 .text.vexStdlibMismatchError
                0x0000000003801258       0x3c /Users/andrewowen/Library/Application Support/Code/User/globalStorage/vexrobotics.vexcode/sdk/cpp/V5/V5_20240223_11_00_00/vexv5/libv5rt.a(v5_apijump.c.obj)
                0x0000000003801258                vexStdlibMismatchError
 .text.vexTaskAdd
                0x0000000003801294       0x10 /Users/andrewowen/Library/Application Support/Code/User/globalStorage/vexrobotics.vexcode/sdk/cpp/V5/V5_20240223_11_00_00/vexv5/libv5rt.a(v5_apijump.c.obj)
                0x0000000003801294                vexTaskAdd
 .text.vexTasksRun
                0x00000000038012a4       0x10 /Users/andrewowen/Library/Application Support/Code/User/globalStorage/vexrobotics.vexcode/sdk/cpp/V5/V5_20240223_11_00_00/vexv5/libv5rt.a(v5_apijump.c.obj)
                0x00000000038012a4                vexTasksRun
 .text.vexTaskYield
                0x00000000038012b4       0x10 /Users/andrewowen/Library/Application Support/Code/User/globalStorage/vexrobotics.vexcode/sdk/cpp/V5/V5_20240223_11_00_00/vexv5/libv5rt.a(v5_apijump.c.obj)
                0x00000000038012b4                vexTaskYield
 .text.vexTaskCheckTimeslice
                0x00000000038012c4       0x10 /Users/andrewowen/Library/Application Support/Code/User/globalStorage/vexrobotics.vexcode/sdk/cpp/V5/V5_20240223_11_00_00/vexv5/libv5rt.a(v5_apijump.c.obj)
                0x00000000038012c4                vexTaskCheckTimeslice
 .text.vexTaskSleep
                0x00000000038012d4       0x10 /Users/andrewowen/Library/Application Support/Code/User/globalStorage/vexrobotics.vexcode/sdk/cpp/V5/V5_20240223_11_00_00/vexv5/libv5rt.a(v5_apijump.c.obj)
                0x00000000038012d4                vexTaskSleep
 .text.vexTasksDump
                0x00000000038012e4       0x1c /Users/andrewowen/Library/Application Support/Code/User/globalStorage/vexrobotics.vexcode/sdk/cpp/V5/V5_20240223_11_00_00/vexv5/libv5rt.a(v5_apijump.c.obj)
                0x00000000038012e4                vexTasksDump
 .text.vexTaskGetTaskIndex
                0x0000000003801300       0x10 /Users/andrewowen/Library/Application Support/Code/User/globalStorage/vexrobotics.vexcode/sdk/cpp/V5/V5_20240223_11_00_00/vexv5/libv5rt.a(v5_apijump.c.obj)
                0x0000000003801300                vexTaskGetTaskIndex
 .text.vexTaskStopAll
                0x0000000003801310       0x10 /Users/andrewowen/Library/Application Support/Code/User/globalStorage/vexrobotics.vexcode/sdk/cpp/V5/V5_20240223_11_00_00/vexv5/libv5rt.a(v5_apijump.c.obj)
                0x0000000003801310                vexTaskStopAll
 .text.vexTaskRemoveAllUser
                0x0000000003801320       0x34 /Users/andrewowen/Library/Application Support/Code/User/globalStorage/vexrobotics.vexcode/sdk/cpp/V5/V5_20240223_11_00_00/vexv5/libv5rt.a(v5_apijump.c.obj)
                0x0000000003801320                vexTaskRemoveAllUser
 .text.vexTaskCompletionIdSet
                0x0000000003801354       0x10 /Users/andrewowen/Library/Application Support/Code/User/globalStorage/vexrobotics.vexcode/sdk/cpp/V5/V5_20240223_11_00_00/vexv5/libv5rt.a(v5_apijump.c.obj)
                0x0000000003801354                vexTaskCompletionIdSet
 .text.vexTaskStopWithId
                0x0000000003801364       0x10 /Users/andrewowen/Library/Application Support/Code/User/globalStorage/vexrobotics.vexcode/sdk/cpp/V5/V5_20240223_11_00_00/vexv5/libv5rt.a(v5_apijump.c.obj)
                0x0000000003801364                vexTaskStopWithId
 .text.vexCriticalSection
                0x0000000003801374       0x2c /Users/andrewowen/Library/Application Support/Code/User/globalStorage/vexrobotics.vexcode/sdk/cpp/V5/V5_20240223_11_00_00/vexv5/libv5rt.a(v5_apijump.c.obj)
                0x0000000003801374                vexCriticalSection
 .text.vexEventAdd
                0x00000000038013a0       0x34 /Users/andrewowen/Library/Application Support/Code/User/globalStorage/vexrobotics.vexcode/sdk/cpp/V5/V5_20240223_11_00_00/vexv5/libv5rt.a(v5_apijump.c.obj)
                0x00000000038013a0                vexEventAdd
 .text.vexEventUserIndexGet
                0x00000000038013d4       0x1c /Users/andrewowen/Library/Application Support/Code/User/globalStorage/vexrobotics.vexcode/sdk/cpp/V5/V5_20240223_11_00_00/vexv5/libv5rt.a(v5_apijump.c.obj)
                0x00000000038013d4                vexEventUserIndexGet
 .text.vexEventAddWithArg
                0x00000000038013f0       0x3c /Users/andrewowen/Library/Application Support/Code/User/globalStorage/vexrobotics.vexcode/sdk/cpp/V5/V5_20240223_11_00_00/vexv5/libv5rt.a(v5_apijump.c.obj)
                0x00000000038013f0                vexEventAddWithArg
 .text.vexEventsCleanup
                0x000000000380142c       0x2c /Users/andrewowen/Library/Application Support/Code/User/globalStorage/vexrobotics.vexcode/sdk/cpp/V5/V5_20240223_11_00_00/vexv5/libv5rt.a(v5_apijump.c.obj)
                0x000000000380142c                vexEventsCleanup
 .text.vexDebug
                0x0000000003801458       0x38 /Users/andrewowen/Library/Application Support/Code/User/globalStorage/vexrobotics.vexcode/sdk/cpp/V5/V5_20240223_11_00_00/vexv5/libv5rt.a(v5_apijump.c.obj)
                0x0000000003801458                vexDebug
 .text.vex_sprintf
                0x0000000003801490       0x40 /Users/andrewowen/Library/Application Support/Code/User/globalStorage/vexrobotics.vexcode/sdk/cpp/V5/V5_20240223_11_00_00/vexv5/libv5rt.a(v5_apijump.c.obj)
                0x0000000003801490                vex_sprintf
 .text.vexSystemTimeGet
                0x00000000038014d0       0x1c /Users/andrewowen/Library/Application Support/Code/User/globalStorage/vexrobotics.vexcode/sdk/cpp/V5/V5_20240223_11_00_00/vexv5/libv5rt.a(v5_apijump.c.obj)
                0x00000000038014d0                vexSystemTimeGet
 .text.vexSystemExitRequest
                0x00000000038014ec       0x1c /Users/andrewowen/Library/Application Support/Code/User/globalStorage/vexrobotics.vexcode/sdk/cpp/V5/V5_20240223_11_00_00/vexv5/libv5rt.a(v5_apijump.c.obj)
                0x00000000038014ec                vexSystemExitRequest
 .text.vexDeviceGetByIndex
                0x0000000003801508       0x24 /Users/andrewowen/Library/Application Support/Code/User/globalStorage/vexrobotics.vexcode/sdk/cpp/V5/V5_20240223_11_00_00/vexv5/libv5rt.a(v5_apijump.c.obj)
                0x0000000003801508                vexDeviceGetByIndex
 .text.vexControllerGet
                0x000000000380152c       0x2c /Users/andrewowen/Library/Application Support/Code/User/globalStorage/vexrobotics.vexcode/sdk/cpp/V5/V5_20240223_11_00_00/vexv5/libv5rt.a(v5_apijump.c.obj)
                0x000000000380152c                vexControllerGet
 .text.vexDeviceAdiPortConfigSet
                0x0000000003801558       0x34 /Users/andrewowen/Library/Application Support/Code/User/globalStorage/vexrobotics.vexcode/sdk/cpp/V5/V5_20240223_11_00_00/vexv5/libv5rt.a(v5_apijump.c.obj)
                0x0000000003801558                vexDeviceAdiPortConfigSet
 .text.vexDeviceAdiPortConfigGet
                0x000000000380158c       0x2c /Users/andrewowen/Library/Application Support/Code/User/globalStorage/vexrobotics.vexcode/sdk/cpp/V5/V5_20240223_11_00_00/vexv5/libv5rt.a(v5_apijump.c.obj)
                0x000000000380158c                vexDeviceAdiPortConfigGet
 .text.vexDeviceAdiValueSet
                0x00000000038015b8       0x34 /Users/andrewowen/Library/Application Support/Code/User/globalStorage/vexrobotics.vexcode/sdk/cpp/V5/V5_20240223_11_00_00/vexv5/libv5rt.a(v5_apijump.c.obj)
                0x00000000038015b8                vexDeviceAdiValueSet
 .text.vexDeviceMotorVelocitySet
                0x00000000038015ec       0x2c /Users/andrewowen/Library/Application Support/Code/User/globalStorage/vexrobotics.vexcode/sdk/cpp/V5/V5_20240223_11_00_00/vexv5/libv5rt.a(v5_apijump.c.obj)
                0x00000000038015ec                vexDeviceMotorVelocitySet
 .text.vexDeviceMotorVelocityGet
                0x0000000003801618       0x24 /Users/andrewowen/Library/Application Support/Code/User/globalStorage/vexrobotics.vexcode/sdk/cpp/V5/V5_20240223_11_00_00/vexv5/libv5rt.a(v5_apijump.c.obj)
                0x0000000003801618                vexDeviceMotorVelocityGet
 .text.vexDeviceMotorActualVelocityGet
                0x000000000380163c       0x24 /Users/andrewowen/Library/Application Support/Code/User/globalStorage/vexrobotics.vexcode/sdk/cpp/V5/V5_20240223_11_00_00/vexv5/libv5rt.a(v5_apijump.c.obj)
                0x000000000380163c                vexDeviceMotorActualVelocityGet
 .text.vexDeviceMotorModeGet
                0x0000000003801660       0x24 /Users/andrewowen/Library/Application Support/Code/User/globalStorage/vexrobotics.vexcode/sdk/cpp/V5/V5_20240223_11_00_00/vexv5/libv5rt.a(v5_apijump.c.obj)
                0x0000000003801660                vexDeviceMotorModeGet
 .text.vexDeviceMotorCurrentLimitSet
                0x0000000003801684       0x2c /Users/andrewowen/Library/Application Support/Code/User/globalStorage/vexrobotics.vexcode/sdk/cpp/V5/V5_20240223_11_00_00/vexv5/libv5rt.a(v5_apijump.c.obj)
                0x0000000003801684                vexDeviceMotorCurrentLimitSet
 .text.vexDeviceMotorTorqueGet
                0x00000000038016b0       0x24 /Users/andrewowen/Library/Application Support/Code/User/globalStorage/vexrobotics.vexcode/sdk/cpp/V5/V5_20240223_11_00_00/vexv5/libv5rt.a(v5_apijump.c.obj)
                0x00000000038016b0                vexDeviceMotorTorqueGet
 .text.vexDeviceMotorZeroPositionFlagGet
                0x00000000038016d4       0x24 /Users/andrewowen/Library/Application Support/Code/User/globalStorage/vexrobotics.vexcode/sdk/cpp/V5/V5_20240223_11_00_00/vexv5/libv5rt.a(v5_apijump.c.obj)
                0x00000000038016d4                vexDeviceMotorZeroPositionFlagGet
 .text.vexDeviceMotorReverseFlagSet
                0x00000000038016f8       0x2c /Users/andrewowen/Library/Application Support/Code/User/globalStorage/vexrobotics.vexcode/sdk/cpp/V5/V5_20240223_11_00_00/vexv5/libv5rt.a(v5_apijump.c.obj)
                0x00000000038016f8                vexDeviceMotorReverseFlagSet
 .text.vexDeviceMotorEncoderUnitsSet
                0x0000000003801724       0x2c /Users/andrewowen/Library/Application Support/Code/User/globalStorage/vexrobotics.vexcode/sdk/cpp/V5/V5_20240223_11_00_00/vexv5/libv5rt.a(v5_apijump.c.obj)
                0x0000000003801724                vexDeviceMotorEncoderUnitsSet
 .text.vexDeviceMotorBrakeModeSet
                0x0000000003801750       0x2c /Users/andrewowen/Library/Application Support/Code/User/globalStorage/vexrobotics.vexcode/sdk/cpp/V5/V5_20240223_11_00_00/vexv5/libv5rt.a(v5_apijump.c.obj)
                0x0000000003801750                vexDeviceMotorBrakeModeSet
 .text.vexDeviceMotorPositionSet
                0x000000000380177c       0x34 /Users/andrewowen/Library/Application Support/Code/User/globalStorage/vexrobotics.vexcode/sdk/cpp/V5/V5_20240223_11_00_00/vexv5/libv5rt.a(v5_apijump.c.obj)
                0x000000000380177c                vexDeviceMotorPositionSet
 .text.vexDeviceMotorPositionGet
                0x00000000038017b0       0x24 /Users/andrewowen/Library/Application Support/Code/User/globalStorage/vexrobotics.vexcode/sdk/cpp/V5/V5_20240223_11_00_00/vexv5/libv5rt.a(v5_apijump.c.obj)
                0x00000000038017b0                vexDeviceMotorPositionGet
 .text.vexDeviceMotorAbsoluteTargetSet
                0x00000000038017d4       0x3c /Users/andrewowen/Library/Application Support/Code/User/globalStorage/vexrobotics.vexcode/sdk/cpp/V5/V5_20240223_11_00_00/vexv5/libv5rt.a(v5_apijump.c.obj)
                0x00000000038017d4                vexDeviceMotorAbsoluteTargetSet
 .text.vexDeviceMotorGearingSet
                0x0000000003801810       0x2c /Users/andrewowen/Library/Application Support/Code/User/globalStorage/vexrobotics.vexcode/sdk/cpp/V5/V5_20240223_11_00_00/vexv5/libv5rt.a(v5_apijump.c.obj)
                0x0000000003801810                vexDeviceMotorGearingSet
 .text.vexDeviceMotorGearingGet
                0x000000000380183c       0x24 /Users/andrewowen/Library/Application Support/Code/User/globalStorage/vexrobotics.vexcode/sdk/cpp/V5/V5_20240223_11_00_00/vexv5/libv5rt.a(v5_apijump.c.obj)
                0x000000000380183c                vexDeviceMotorGearingGet
 .text.vexDeviceImuReset
                0x0000000003801860       0x24 /Users/andrewowen/Library/Application Support/Code/User/globalStorage/vexrobotics.vexcode/sdk/cpp/V5/V5_20240223_11_00_00/vexv5/libv5rt.a(v5_apijump.c.obj)
                0x0000000003801860                vexDeviceImuReset
 .text.vexDeviceImuHeadingGet
                0x0000000003801884       0x24 /Users/andrewowen/Library/Application Support/Code/User/globalStorage/vexrobotics.vexcode/sdk/cpp/V5/V5_20240223_11_00_00/vexv5/libv5rt.a(v5_apijump.c.obj)
                0x0000000003801884                vexDeviceImuHeadingGet
 .text.vexDeviceImuDegreesGet
                0x00000000038018a8       0x24 /Users/andrewowen/Library/Application Support/Code/User/globalStorage/vexrobotics.vexcode/sdk/cpp/V5/V5_20240223_11_00_00/vexv5/libv5rt.a(v5_apijump.c.obj)
                0x00000000038018a8                vexDeviceImuDegreesGet
 .text.vexDeviceImuStatusGet
                0x00000000038018cc       0x24 /Users/andrewowen/Library/Application Support/Code/User/globalStorage/vexrobotics.vexcode/sdk/cpp/V5/V5_20240223_11_00_00/vexv5/libv5rt.a(v5_apijump.c.obj)
                0x00000000038018cc                vexDeviceImuStatusGet
 .text.vexDisplayForegroundColor
                0x00000000038018f0       0x24 /Users/andrewowen/Library/Application Support/Code/User/globalStorage/vexrobotics.vexcode/sdk/cpp/V5/V5_20240223_11_00_00/vexv5/libv5rt.a(v5_apijump.c.obj)
                0x00000000038018f0                vexDisplayForegroundColor
 .text.vexDisplayBackgroundColor
                0x0000000003801914       0x24 /Users/andrewowen/Library/Application Support/Code/User/globalStorage/vexrobotics.vexcode/sdk/cpp/V5/V5_20240223_11_00_00/vexv5/libv5rt.a(v5_apijump.c.obj)
                0x0000000003801914                vexDisplayBackgroundColor
 .text.vexDisplayTextReference
                0x0000000003801938       0x24 /Users/andrewowen/Library/Application Support/Code/User/globalStorage/vexrobotics.vexcode/sdk/cpp/V5/V5_20240223_11_00_00/vexv5/libv5rt.a(v5_apijump.c.obj)
                0x0000000003801938                vexDisplayTextReference
 .text.vexDisplayTextSize
                0x000000000380195c       0x2c /Users/andrewowen/Library/Application Support/Code/User/globalStorage/vexrobotics.vexcode/sdk/cpp/V5/V5_20240223_11_00_00/vexv5/libv5rt.a(v5_apijump.c.obj)
                0x000000000380195c                vexDisplayTextSize
 .text.vexDisplayFontNamedSet
                0x0000000003801988       0x24 /Users/andrewowen/Library/Application Support/Code/User/globalStorage/vexrobotics.vexcode/sdk/cpp/V5/V5_20240223_11_00_00/vexv5/libv5rt.a(v5_apijump.c.obj)
                0x0000000003801988                vexDisplayFontNamedSet
 .text.vexSystemStdlibImpureDataAddr
                0x00000000038019ac       0x28 /Users/andrewowen/Library/Application Support/Code/User/globalStorage/vexrobotics.vexcode/sdk/cpp/V5/V5_20240223_11_00_00/vexv5/libv5rt.a(v5_apijump.c.obj)
                0x00000000038019ac                vexSystemStdlibImpureDataAddr
 .text.vexSystemStdlibImpureDataSize
                0x00000000038019d4       0x28 /Users/andrewowen/Library/Application Support/Code/User/globalStorage/vexrobotics.vexcode/sdk/cpp/V5/V5_20240223_11_00_00/vexv5/libv5rt.a(v5_apijump.c.obj)
                0x00000000038019d4                vexSystemStdlibImpureDataSize
 .text.vexSystemSaveUserData
                0x00000000038019fc       0x3c /Users/andrewowen/Library/Application Support/Code/User/globalStorage/vexrobotics.vexcode/sdk/cpp/V5/V5_20240223_11_00_00/vexv5/libv5rt.a(v5_apijump.c.obj)
                0x00000000038019fc                vexSystemSaveUserData
 .text.vexDisplayThemeIdGet
                0x0000000003801a38       0x38 /Users/andrewowen/Library/Application Support/Code/User/globalStorage/vexrobotics.vexcode/sdk/cpp/V5/V5_20240223_11_00_00/vexv5/libv5rt.a(v5_apijump.c.obj)
                0x0000000003801a38                vexDisplayThemeIdGet
 .text.vexDeviceEventMaskSet
                0x0000000003801a70       0x48 /Users/andrewowen/Library/Application Support/Code/User/globalStorage/vexrobotics.vexcode/sdk/cpp/V5/V5_20240223_11_00_00/vexv5/libv5rt.a(v5_apijump.c.obj)
                0x0000000003801a70                vexDeviceEventMaskSet
 .text.vexDeviceEventMaskGet
                0x0000000003801ab8       0x3c /Users/andrewowen/Library/Application Support/Code/User/globalStorage/vexrobotics.vexcode/sdk/cpp/V5/V5_20240223_11_00_00/vexv5/libv5rt.a(v5_apijump.c.obj)
                0x0000000003801ab8                vexDeviceEventMaskGet
 .text.vexSystemVersion
                0x0000000003801af4       0x10 /Users/andrewowen/Library/Application Support/Code/User/globalStorage/vexrobotics.vexcode/sdk/cpp/V5/V5_20240223_11_00_00/vexv5/libv5rt.a(v5_apiversions.c.obj)
                0x0000000003801af4                vexSystemVersion
 .text.vexStdlibVersion
                0x0000000003801b04       0x10 /Users/andrewowen/Library/Application Support/Code/User/globalStorage/vexrobotics.vexcode/sdk/cpp/V5/V5_20240223_11_00_00/vexv5/libv5rt.a(v5_apiversions.c.obj)
                0x0000000003801b04                vexStdlibVersion
 *fill*         0x0000000003801b14        0x4 
 .text._ZN3vex4waitEdNS_9timeUnitsE
                0x0000000003801b18       0x30 /Users/andrewowen/Library/Application Support/Code/User/globalStorage/vexrobotics.vexcode/sdk/cpp/V5/V5_20240223_11_00_00/vexv5/libv5rt.a(vex_global.cpp.obj)
                0x0000000003801b18                vex::wait(double, vex::timeUnits)
 .text._ZN3vex5motorD2Ev
                0x0000000003801b48       0x20 /Users/andrewowen/Library/Application Support/Code/User/globalStorage/vexrobotics.vexcode/sdk/cpp/V5/V5_20240223_11_00_00/vexv5/libv5rt.a(vex_motor.cpp.obj)
                0x0000000003801b48                vex::motor::~motor()
                0x0000000003801b48                vex::motor::~motor()
 .text._ZN3vex5motorD0Ev
                0x0000000003801b68       0x1c /Users/andrewowen/Library/Application Support/Code/User/globalStorage/vexrobotics.vexcode/sdk/cpp/V5/V5_20240223_11_00_00/vexv5/libv5rt.a(vex_motor.cpp.obj)
                0x0000000003801b68                vex::motor::~motor()
 .text._ZN3vex5motor9installedEv
                0x0000000003801b84       0x18 /Users/andrewowen/Library/Application Support/Code/User/globalStorage/vexrobotics.vexcode/sdk/cpp/V5/V5_20240223_11_00_00/vexv5/libv5rt.a(vex_motor.cpp.obj)
                0x0000000003801b84                vex::motor::installed()
 .text._ZN3vex5motor15defaultStoppingENS_9brakeTypeE
                0x0000000003801b9c       0x30 /Users/andrewowen/Library/Application Support/Code/User/globalStorage/vexrobotics.vexcode/sdk/cpp/V5/V5_20240223_11_00_00/vexv5/libv5rt.a(vex_motor.cpp.obj)
                0x0000000003801b9c                vex::motor::defaultStopping(vex::brakeType)
 .text._ZN3vex5motor11setStoppingENS_9brakeTypeE
                0x0000000003801bcc        0x4 /Users/andrewowen/Library/Application Support/Code/User/globalStorage/vexrobotics.vexcode/sdk/cpp/V5/V5_20240223_11_00_00/vexv5/libv5rt.a(vex_motor.cpp.obj)
                0x0000000003801bcc                vex::motor::setStopping(vex::brakeType)
 .text._ZN3vex5motorC2El
                0x0000000003801bd0       0x78 /Users/andrewowen/Library/Application Support/Code/User/globalStorage/vexrobotics.vexcode/sdk/cpp/V5/V5_20240223_11_00_00/vexv5/libv5rt.a(vex_motor.cpp.obj)
                0x0000000003801bd0                vex::motor::motor(long)
                0x0000000003801bd0                vex::motor::motor(long)
 .text._ZN3vex5motorC2ElNS_11gearSettingEb
                0x0000000003801c48       0x34 /Users/andrewowen/Library/Application Support/Code/User/globalStorage/vexrobotics.vexcode/sdk/cpp/V5/V5_20240223_11_00_00/vexv5/libv5rt.a(vex_motor.cpp.obj)
                0x0000000003801c48                vex::motor::motor(long, vex::gearSetting, bool)
                0x0000000003801c48                vex::motor::motor(long, vex::gearSetting, bool)
 .text._ZN3vex5motor14isSpinningModeEv
                0x0000000003801c7c       0x48 /Users/andrewowen/Library/Application Support/Code/User/globalStorage/vexrobotics.vexcode/sdk/cpp/V5/V5_20240223_11_00_00/vexv5/libv5rt.a(vex_motor.cpp.obj)
                0x0000000003801c7c                vex::motor::isSpinningMode()
 .text._ZN3vex5motor4stopENS_9brakeTypeE
                0x0000000003801cc4       0x30 /Users/andrewowen/Library/Application Support/Code/User/globalStorage/vexrobotics.vexcode/sdk/cpp/V5/V5_20240223_11_00_00/vexv5/libv5rt.a(vex_motor.cpp.obj)
                0x0000000003801cc4                vex::motor::stop(vex::brakeType)
 .text._ZN3vex5motor4stopEv
                0x0000000003801cf4        0x8 /Users/andrewowen/Library/Application Support/Code/User/globalStorage/vexrobotics.vexcode/sdk/cpp/V5/V5_20240223_11_00_00/vexv5/libv5rt.a(vex_motor.cpp.obj)
                0x0000000003801cf4                vex::motor::stop()
 *fill*         0x0000000003801cfc        0x4 
 .text._ZN3vex5motor12setMaxTorqueEdNS_12percentUnitsE
                0x0000000003801d00       0x88 /Users/andrewowen/Library/Application Support/Code/User/globalStorage/vexrobotics.vexcode/sdk/cpp/V5/V5_20240223_11_00_00/vexv5/libv5rt.a(vex_motor.cpp.obj)
                0x0000000003801d00                vex::motor::setMaxTorque(double, vex::percentUnits)
 .text._ZN3vex5motor6torqueENS_11torqueUnitsE
                0x0000000003801d88       0x30 /Users/andrewowen/Library/Application Support/Code/User/globalStorage/vexrobotics.vexcode/sdk/cpp/V5/V5_20240223_11_00_00/vexv5/libv5rt.a(vex_motor.cpp.obj)
                0x0000000003801d88                vex::motor::torque(vex::torqueUnits)
 .text._ZN3vex5motor16velocityToScaledEdNS_13velocityUnitsE
                0x0000000003801db8       0x5c /Users/andrewowen/Library/Application Support/Code/User/globalStorage/vexrobotics.vexcode/sdk/cpp/V5/V5_20240223_11_00_00/vexv5/libv5rt.a(vex_motor.cpp.obj)
                0x0000000003801db8                vex::motor::velocityToScaled(double, vex::velocityUnits)
 .text._ZN3vex5motor8velocityENS_13velocityUnitsE
                0x0000000003801e14       0x30 /Users/andrewowen/Library/Application Support/Code/User/globalStorage/vexrobotics.vexcode/sdk/cpp/V5/V5_20240223_11_00_00/vexv5/libv5rt.a(vex_motor.cpp.obj)
                0x0000000003801e14                vex::motor::velocity(vex::velocityUnits)
 .text._ZN3vex5motor5valueEv
                0x0000000003801e44       0x1c /Users/andrewowen/Library/Application Support/Code/User/globalStorage/vexrobotics.vexcode/sdk/cpp/V5/V5_20240223_11_00_00/vexv5/libv5rt.a(vex_motor.cpp.obj)
                0x0000000003801e44                vex::motor::value()
 .text._ZN3vex5motor16scaledToVelocityEdNS_13velocityUnitsE
                0x0000000003801e60       0xa4 /Users/andrewowen/Library/Application Support/Code/User/globalStorage/vexrobotics.vexcode/sdk/cpp/V5/V5_20240223_11_00_00/vexv5/libv5rt.a(vex_motor.cpp.obj)
                0x0000000003801e60                vex::motor::scaledToVelocity(double, vex::velocityUnits)
 .text._ZN3vex5motor4spinENS_13directionTypeEdNS_13velocityUnitsE
                0x0000000003801f04       0x5c /Users/andrewowen/Library/Application Support/Code/User/globalStorage/vexrobotics.vexcode/sdk/cpp/V5/V5_20240223_11_00_00/vexv5/libv5rt.a(vex_motor.cpp.obj)
                0x0000000003801f04                vex::motor::spin(vex::directionType, double, vex::velocityUnits)
 .text._ZN3vex5motor4spinENS_13directionTypeE
                0x0000000003801f60       0x28 /Users/andrewowen/Library/Application Support/Code/User/globalStorage/vexrobotics.vexcode/sdk/cpp/V5/V5_20240223_11_00_00/vexv5/libv5rt.a(vex_motor.cpp.obj)
                0x0000000003801f60                vex::motor::spin(vex::directionType)
 .text._ZN3vex5motor11setVelocityEdNS_13velocityUnitsE
                0x0000000003801f88       0x54 /Users/andrewowen/Library/Application Support/Code/User/globalStorage/vexrobotics.vexcode/sdk/cpp/V5/V5_20240223_11_00_00/vexv5/libv5rt.a(vex_motor.cpp.obj)
                0x0000000003801f88                vex::motor::setVelocity(double, vex::velocityUnits)
 .text._ZN3vex5motor16setRotationUnitsENS_13rotationUnitsE
                0x0000000003801fdc       0x1c /Users/andrewowen/Library/Application Support/Code/User/globalStorage/vexrobotics.vexcode/sdk/cpp/V5/V5_20240223_11_00_00/vexv5/libv5rt.a(vex_motor.cpp.obj)
                0x0000000003801fdc                vex::motor::setRotationUnits(vex::rotationUnits)
 .text._ZN3vex5motor11setPositionEdNS_13rotationUnitsE
                0x0000000003801ff8       0x44 /Users/andrewowen/Library/Application Support/Code/User/globalStorage/vexrobotics.vexcode/sdk/cpp/V5/V5_20240223_11_00_00/vexv5/libv5rt.a(vex_motor.cpp.obj)
                0x0000000003801ff8                vex::motor::setPosition(double, vex::rotationUnits)
 .text._ZN3vex5motor6spinToEdNS_13rotationUnitsEdNS_13velocityUnitsEb
                0x000000000380203c       0xe0 /Users/andrewowen/Library/Application Support/Code/User/globalStorage/vexrobotics.vexcode/sdk/cpp/V5/V5_20240223_11_00_00/vexv5/libv5rt.a(vex_motor.cpp.obj)
                0x000000000380203c                vex::motor::spinTo(double, vex::rotationUnits, double, vex::velocityUnits, bool)
 .text._ZN3vex5motor14spinToPositionEdNS_13rotationUnitsEb
                0x000000000380211c       0x34 /Users/andrewowen/Library/Application Support/Code/User/globalStorage/vexrobotics.vexcode/sdk/cpp/V5/V5_20240223_11_00_00/vexv5/libv5rt.a(vex_motor.cpp.obj)
                0x000000000380211c                vex::motor::spinToPosition(double, vex::rotationUnits, bool)
 .text._ZN3vex5motor8positionENS_13rotationUnitsE
                0x0000000003802150       0x44 /Users/andrewowen/Library/Application Support/Code/User/globalStorage/vexrobotics.vexcode/sdk/cpp/V5/V5_20240223_11_00_00/vexv5/libv5rt.a(vex_motor.cpp.obj)
                0x0000000003802150                vex::motor::position(vex::rotationUnits)
 .text._ZN3vex8inertial11getTurnTypeEv
                0x0000000003802194        0x8 /Users/andrewowen/Library/Application Support/Code/User/globalStorage/vexrobotics.vexcode/sdk/cpp/V5/V5_20240223_11_00_00/vexv5/libv5rt.a(vex_imu.cpp.obj)
                0x0000000003802194                vex::inertial::getTurnType()
 .text._ZThn16_N3vex8inertial11getTurnTypeEv
                0x000000000380219c        0x8 /Users/andrewowen/Library/Application Support/Code/User/globalStorage/vexrobotics.vexcode/sdk/cpp/V5/V5_20240223_11_00_00/vexv5/libv5rt.a(vex_imu.cpp.obj)
                0x000000000380219c                non-virtual thunk to vex::inertial::getTurnType()
 *fill*         0x00000000038021a4        0x4 
 .text._ZN3vex8inertial10setHeadingEdNS_13rotationUnitsE
                0x00000000038021a8       0x58 /Users/andrewowen/Library/Application Support/Code/User/globalStorage/vexrobotics.vexcode/sdk/cpp/V5/V5_20240223_11_00_00/vexv5/libv5rt.a(vex_imu.cpp.obj)
                0x00000000038021a8                vex::inertial::setHeading(double, vex::rotationUnits)
 .text._ZThn16_N3vex8inertial10setHeadingEdNS_13rotationUnitsE
                0x0000000003802200        0x8 /Users/andrewowen/Library/Application Support/Code/User/globalStorage/vexrobotics.vexcode/sdk/cpp/V5/V5_20240223_11_00_00/vexv5/libv5rt.a(vex_imu.cpp.obj)
                0x0000000003802200                non-virtual thunk to vex::inertial::setHeading(double, vex::rotationUnits)
 .text._ZN3vex8inertial11setRotationEdNS_13rotationUnitsE
                0x0000000003802208       0x58 /Users/andrewowen/Library/Application Support/Code/User/globalStorage/vexrobotics.vexcode/sdk/cpp/V5/V5_20240223_11_00_00/vexv5/libv5rt.a(vex_imu.cpp.obj)
                0x0000000003802208                vex::inertial::setRotation(double, vex::rotationUnits)
 .text._ZThn16_N3vex8inertial11setRotationEdNS_13rotationUnitsE
                0x0000000003802260        0x8 /Users/andrewowen/Library/Application Support/Code/User/globalStorage/vexrobotics.vexcode/sdk/cpp/V5/V5_20240223_11_00_00/vexv5/libv5rt.a(vex_imu.cpp.obj)
                0x0000000003802260                non-virtual thunk to vex::inertial::setRotation(double, vex::rotationUnits)
 .text._ZN3vex8inertialD2Ev
                0x0000000003802268       0x20 /Users/andrewowen/Library/Application Support/Code/User/globalStorage/vexrobotics.vexcode/sdk/cpp/V5/V5_20240223_11_00_00/vexv5/libv5rt.a(vex_imu.cpp.obj)
                0x0000000003802268                vex::inertial::~inertial()
                0x0000000003802268                vex::inertial::~inertial()
 .text._ZThn16_N3vex8inertialD1Ev
                0x0000000003802288        0x8 /Users/andrewowen/Library/Application Support/Code/User/globalStorage/vexrobotics.vexcode/sdk/cpp/V5/V5_20240223_11_00_00/vexv5/libv5rt.a(vex_imu.cpp.obj)
                0x0000000003802288                non-virtual thunk to vex::inertial::~inertial()
 .text._ZN3vex8inertialD0Ev
                0x0000000003802290       0x1c /Users/andrewowen/Library/Application Support/Code/User/globalStorage/vexrobotics.vexcode/sdk/cpp/V5/V5_20240223_11_00_00/vexv5/libv5rt.a(vex_imu.cpp.obj)
                0x0000000003802290                vex::inertial::~inertial()
 .text._ZThn16_N3vex8inertialD0Ev
                0x00000000038022ac        0x8 /Users/andrewowen/Library/Application Support/Code/User/globalStorage/vexrobotics.vexcode/sdk/cpp/V5/V5_20240223_11_00_00/vexv5/libv5rt.a(vex_imu.cpp.obj)
                0x00000000038022ac                non-virtual thunk to vex::inertial::~inertial()
 .text._ZN3vex8inertial9installedEv
                0x00000000038022b4       0x18 /Users/andrewowen/Library/Application Support/Code/User/globalStorage/vexrobotics.vexcode/sdk/cpp/V5/V5_20240223_11_00_00/vexv5/libv5rt.a(vex_imu.cpp.obj)
                0x00000000038022b4                vex::inertial::installed()
 .text._ZN3vex8inertial5angleENS_13rotationUnitsE
                0x00000000038022cc       0x6c /Users/andrewowen/Library/Application Support/Code/User/globalStorage/vexrobotics.vexcode/sdk/cpp/V5/V5_20240223_11_00_00/vexv5/libv5rt.a(vex_imu.cpp.obj)
                0x00000000038022cc                vex::inertial::angle(vex::rotationUnits)
 .text._ZThn16_N3vex8inertial5angleENS_13rotationUnitsE
                0x0000000003802338        0x8 /Users/andrewowen/Library/Application Support/Code/User/globalStorage/vexrobotics.vexcode/sdk/cpp/V5/V5_20240223_11_00_00/vexv5/libv5rt.a(vex_imu.cpp.obj)
                0x0000000003802338                non-virtual thunk to vex::inertial::angle(vex::rotationUnits)
 .text._ZN3vex8inertial7headingENS_13rotationUnitsE
                0x0000000003802340        0x4 /Users/andrewowen/Library/Application Support/Code/User/globalStorage/vexrobotics.vexcode/sdk/cpp/V5/V5_20240223_11_00_00/vexv5/libv5rt.a(vex_imu.cpp.obj)
                0x0000000003802340                vex::inertial::heading(vex::rotationUnits)
 .text._ZThn16_N3vex8inertial7headingENS_13rotationUnitsE
                0x0000000003802344        0x8 /Users/andrewowen/Library/Application Support/Code/User/globalStorage/vexrobotics.vexcode/sdk/cpp/V5/V5_20240223_11_00_00/vexv5/libv5rt.a(vex_imu.cpp.obj)
                0x0000000003802344                non-virtual thunk to vex::inertial::heading(vex::rotationUnits)
 .text._ZN3vex8inertial5valueEv
                0x000000000380234c       0x1c /Users/andrewowen/Library/Application Support/Code/User/globalStorage/vexrobotics.vexcode/sdk/cpp/V5/V5_20240223_11_00_00/vexv5/libv5rt.a(vex_imu.cpp.obj)
                0x000000000380234c                vex::inertial::value()
 .text._ZN3vex8inertial8rotationENS_13rotationUnitsE
                0x0000000003802368       0x48 /Users/andrewowen/Library/Application Support/Code/User/globalStorage/vexrobotics.vexcode/sdk/cpp/V5/V5_20240223_11_00_00/vexv5/libv5rt.a(vex_imu.cpp.obj)
                0x0000000003802368                vex::inertial::rotation(vex::rotationUnits)
 .text._ZThn16_N3vex8inertial8rotationENS_13rotationUnitsE
                0x00000000038023b0        0x8 /Users/andrewowen/Library/Application Support/Code/User/globalStorage/vexrobotics.vexcode/sdk/cpp/V5/V5_20240223_11_00_00/vexv5/libv5rt.a(vex_imu.cpp.obj)
                0x00000000038023b0                non-virtual thunk to vex::inertial::rotation(vex::rotationUnits)
 .text._ZN3vex8inertial13isCalibratingEv
                0x00000000038023b8       0x38 /Users/andrewowen/Library/Application Support/Code/User/globalStorage/vexrobotics.vexcode/sdk/cpp/V5/V5_20240223_11_00_00/vexv5/libv5rt.a(vex_imu.cpp.obj)
                0x00000000038023b8                vex::inertial::isCalibrating()
 .text._ZThn16_N3vex8inertial13isCalibratingEv
                0x00000000038023f0        0x8 /Users/andrewowen/Library/Application Support/Code/User/globalStorage/vexrobotics.vexcode/sdk/cpp/V5/V5_20240223_11_00_00/vexv5/libv5rt.a(vex_imu.cpp.obj)
                0x00000000038023f0                non-virtual thunk to vex::inertial::isCalibrating()
 .text._ZN3vex8inertialC2ElNS_8turnTypeE
                0x00000000038023f8       0x4c /Users/andrewowen/Library/Application Support/Code/User/globalStorage/vexrobotics.vexcode/sdk/cpp/V5/V5_20240223_11_00_00/vexv5/libv5rt.a(vex_imu.cpp.obj)
                0x00000000038023f8                vex::inertial::inertial(long, vex::turnType)
                0x00000000038023f8                vex::inertial::inertial(long, vex::turnType)
 .text._ZN3vex8inertial13resetRotationEv
                0x0000000003802444       0x20 /Users/andrewowen/Library/Application Support/Code/User/globalStorage/vexrobotics.vexcode/sdk/cpp/V5/V5_20240223_11_00_00/vexv5/libv5rt.a(vex_imu.cpp.obj)
                0x0000000003802444                vex::inertial::resetRotation()
 .text._ZN3vex8inertial16startCalibrationEl
                0x0000000003802464       0x20 /Users/andrewowen/Library/Application Support/Code/User/globalStorage/vexrobotics.vexcode/sdk/cpp/V5/V5_20240223_11_00_00/vexv5/libv5rt.a(vex_imu.cpp.obj)
                0x0000000003802464                vex::inertial::startCalibration(long)
 .text._ZN3vex8inertial9calibrateEl
                0x0000000003802484        0xc /Users/andrewowen/Library/Application Support/Code/User/globalStorage/vexrobotics.vexcode/sdk/cpp/V5/V5_20240223_11_00_00/vexv5/libv5rt.a(vex_imu.cpp.obj)
                0x0000000003802484                vex::inertial::calibrate(long)
                0x0000000003802488                non-virtual thunk to vex::inertial::calibrate(long)
 .text._ZN3vex10controllerD2Ev
                0x0000000003802490        0x4 /Users/andrewowen/Library/Application Support/Code/User/globalStorage/vexrobotics.vexcode/sdk/cpp/V5/V5_20240223_11_00_00/vexv5/libv5rt.a(vex_controller.cpp.obj)
                0x0000000003802490                vex::controller::~controller()
                0x0000000003802490                vex::controller::~controller()
 .text._ZN3vex10controller5valueE19_V5_ControllerIndex
                0x0000000003802494        0x8 /Users/andrewowen/Library/Application Support/Code/User/globalStorage/vexrobotics.vexcode/sdk/cpp/V5/V5_20240223_11_00_00/vexv5/libv5rt.a(vex_controller.cpp.obj)
                0x0000000003802494                vex::controller::value(_V5_ControllerIndex)
 .text._ZNK3vex10controller6button8pressingEv
                0x000000000380249c       0xc8 /Users/andrewowen/Library/Application Support/Code/User/globalStorage/vexrobotics.vexcode/sdk/cpp/V5/V5_20240223_11_00_00/vexv5/libv5rt.a(vex_controller.cpp.obj)
                0x000000000380249c                vex::controller::button::pressing() const
 .text._ZNK3vex10controller6button7pressedEPFvvE
                0x0000000003802564      0x108 /Users/andrewowen/Library/Application Support/Code/User/globalStorage/vexrobotics.vexcode/sdk/cpp/V5/V5_20240223_11_00_00/vexv5/libv5rt.a(vex_controller.cpp.obj)
                0x0000000003802564                vex::controller::button::pressed(void (*)()) const
 .text._ZNK3vex10controller6button8releasedEPFvvE
                0x000000000380266c      0x108 /Users/andrewowen/Library/Application Support/Code/User/globalStorage/vexrobotics.vexcode/sdk/cpp/V5/V5_20240223_11_00_00/vexv5/libv5rt.a(vex_controller.cpp.obj)
                0x000000000380266c                vex::controller::button::released(void (*)()) const
 .text._ZNK3vex10controller6button21_buttonToPressedEventEv
                0x0000000003802774       0x20 /Users/andrewowen/Library/Application Support/Code/User/globalStorage/vexrobotics.vexcode/sdk/cpp/V5/V5_20240223_11_00_00/vexv5/libv5rt.a(vex_controller.cpp.obj)
                0x0000000003802774                vex::controller::button::_buttonToPressedEvent() const
 .text._ZNK3vex10controller6button22_buttonToReleasedEventEv
                0x0000000003802794       0x20 /Users/andrewowen/Library/Application Support/Code/User/globalStorage/vexrobotics.vexcode/sdk/cpp/V5/V5_20240223_11_00_00/vexv5/libv5rt.a(vex_controller.cpp.obj)
                0x0000000003802794                vex::controller::button::_buttonToReleasedEvent() const
 .text._ZN3vex10controller6buttonC2ENS0_11tButtonTypeEPS0_
                0x00000000038027b4       0x48 /Users/andrewowen/Library/Application Support/Code/User/globalStorage/vexrobotics.vexcode/sdk/cpp/V5/V5_20240223_11_00_00/vexv5/libv5rt.a(vex_controller.cpp.obj)
                0x00000000038027b4                vex::controller::button::button(vex::controller::tButtonType, vex::controller*)
                0x00000000038027b4                vex::controller::button::button(vex::controller::tButtonType, vex::controller*)
 .text._ZNK3vex10controller4axis5valueEv
                0x00000000038027fc       0x58 /Users/andrewowen/Library/Application Support/Code/User/globalStorage/vexrobotics.vexcode/sdk/cpp/V5/V5_20240223_11_00_00/vexv5/libv5rt.a(vex_controller.cpp.obj)
                0x00000000038027fc                vex::controller::axis::value() const
 .text._ZNK3vex10controller4axis8positionENS_12percentUnitsE
                0x0000000003802854       0x1c /Users/andrewowen/Library/Application Support/Code/User/globalStorage/vexrobotics.vexcode/sdk/cpp/V5/V5_20240223_11_00_00/vexv5/libv5rt.a(vex_controller.cpp.obj)
                0x0000000003802854                vex::controller::axis::position(vex::percentUnits) const
 .text._ZNK3vex10controller4axis23_joystickToChangedEventEv
                0x0000000003802870       0x20 /Users/andrewowen/Library/Application Support/Code/User/globalStorage/vexrobotics.vexcode/sdk/cpp/V5/V5_20240223_11_00_00/vexv5/libv5rt.a(vex_controller.cpp.obj)
                0x0000000003802870                vex::controller::axis::_joystickToChangedEvent() const
 .text._ZN3vex10controller4axisC2ENS0_9tAxisTypeEPS0_
                0x0000000003802890       0x2c /Users/andrewowen/Library/Application Support/Code/User/globalStorage/vexrobotics.vexcode/sdk/cpp/V5/V5_20240223_11_00_00/vexv5/libv5rt.a(vex_controller.cpp.obj)
                0x0000000003802890                vex::controller::axis::axis(vex::controller::tAxisType, vex::controller*)
                0x0000000003802890                vex::controller::axis::axis(vex::controller::tAxisType, vex::controller*)
 .text._ZN3vex10controllerC2ENS_14controllerTypeE
                0x00000000038028bc      0x16c /Users/andrewowen/Library/Application Support/Code/User/globalStorage/vexrobotics.vexcode/sdk/cpp/V5/V5_20240223_11_00_00/vexv5/libv5rt.a(vex_controller.cpp.obj)
                0x00000000038028bc                vex::controller::controller(vex::controllerType)
                0x00000000038028bc                vex::controller::controller(vex::controllerType)
 .text._ZN3vex6threadC2EPFivE
                0x0000000003802a28       0x5c /Users/andrewowen/Library/Application Support/Code/User/globalStorage/vexrobotics.vexcode/sdk/cpp/V5/V5_20240223_11_00_00/vexv5/libv5rt.a(vex_thread.cpp.obj)
                0x0000000003802a28                vex::thread::thread(int (*)())
                0x0000000003802a28                vex::thread::thread(int (*)())
 .text._ZN3vex11this_thread9sleep_forEm
                0x0000000003802a84        0x4 /Users/andrewowen/Library/Application Support/Code/User/globalStorage/vexrobotics.vexcode/sdk/cpp/V5/V5_20240223_11_00_00/vexv5/libv5rt.a(vex_thread.cpp.obj)
                0x0000000003802a84                vex::this_thread::sleep_for(unsigned long)
 .text._ZN3vex5event4initEmmPFvvE
                0x0000000003802a88        0x4 /Users/andrewowen/Library/Application Support/Code/User/globalStorage/vexrobotics.vexcode/sdk/cpp/V5/V5_20240223_11_00_00/vexv5/libv5rt.a(vex_event.cpp.obj)
                0x0000000003802a88                vex::event::init(unsigned long, unsigned long, void (*)())
 .text._ZN3vex5event4initEmmPFvPvES1_
                0x0000000003802a8c        0x4 /Users/andrewowen/Library/Application Support/Code/User/globalStorage/vexrobotics.vexcode/sdk/cpp/V5/V5_20240223_11_00_00/vexv5/libv5rt.a(vex_event.cpp.obj)
                0x0000000003802a8c                vex::event::init(unsigned long, unsigned long, void (*)(void*), void*)
 .text._ZN3vex5event9userindexEv
                0x0000000003802a90        0x4 /Users/andrewowen/Library/Application Support/Code/User/globalStorage/vexrobotics.vexcode/sdk/cpp/V5/V5_20240223_11_00_00/vexv5/libv5rt.a(vex_event.cpp.obj)
                0x0000000003802a90                vex::event::userindex()
 .text._ZZN3vex6meventC4EmmENUlvE_4_FUNEv
                0x0000000003802a94        0x4 /Users/andrewowen/Library/Application Support/Code/User/globalStorage/vexrobotics.vexcode/sdk/cpp/V5/V5_20240223_11_00_00/vexv5/libv5rt.a(vex_mevent.cpp.obj)
 .text._ZN3vex6meventC2Emm
                0x0000000003802a98       0x70 /Users/andrewowen/Library/Application Support/Code/User/globalStorage/vexrobotics.vexcode/sdk/cpp/V5/V5_20240223_11_00_00/vexv5/libv5rt.a(vex_mevent.cpp.obj)
                0x0000000003802a98                vex::mevent::mevent(unsigned long, unsigned long)
                0x0000000003802a98                vex::mevent::mevent(unsigned long, unsigned long)
 .text._ZN3vex5brain9_getIndexEv
                0x0000000003802b08       0x10 /Users/andrewowen/Library/Application Support/Code/User/globalStorage/vexrobotics.vexcode/sdk/cpp/V5/V5_20240223_11_00_00/vexv5/libv5rt.a(vex_brain.cpp.obj)
                0x0000000003802b08                vex::brain::_getIndex()
 .text._ZN3vex5brain3lcd9setCursorEll
                0x0000000003802b18       0x44 /Users/andrewowen/Library/Application Support/Code/User/globalStorage/vexrobotics.vexcode/sdk/cpp/V5/V5_20240223_11_00_00/vexv5/libv5rt.a(vex_brain.cpp.obj)
                0x0000000003802b18                vex::brain::lcd::setCursor(long, long)
 .text._ZN3vex5brain3lcd7setFontENS_8fontTypeE
                0x0000000003802b5c      0x23c /Users/andrewowen/Library/Application Support/Code/User/globalStorage/vexrobotics.vexcode/sdk/cpp/V5/V5_20240223_11_00_00/vexv5/libv5rt.a(vex_brain.cpp.obj)
                0x0000000003802b5c                vex::brain::lcd::setFont(vex::fontType)
 .text._ZN3vex5brain3lcdC2Ev
                0x0000000003802d98       0x94 /Users/andrewowen/Library/Application Support/Code/User/globalStorage/vexrobotics.vexcode/sdk/cpp/V5/V5_20240223_11_00_00/vexv5/libv5rt.a(vex_brain.cpp.obj)
                0x0000000003802d98                vex::brain::lcd::lcd()
                0x0000000003802d98                vex::brain::lcd::lcd()
 .text._ZN3vex5brainC2Ev
                0x0000000003802e2c       0x3c /Users/andrewowen/Library/Application Support/Code/User/globalStorage/vexrobotics.vexcode/sdk/cpp/V5/V5_20240223_11_00_00/vexv5/libv5rt.a(vex_brain.cpp.obj)
                0x0000000003802e2c                vex::brain::brain()
                0x0000000003802e2c                vex::brain::brain()
 .text._ZN3vex5brainD2Ev
                0x0000000003802e68       0x20 /Users/andrewowen/Library/Application Support/Code/User/globalStorage/vexrobotics.vexcode/sdk/cpp/V5/V5_20240223_11_00_00/vexv5/libv5rt.a(vex_brain.cpp.obj)
                0x0000000003802e68                vex::brain::~brain()
                0x0000000003802e68                vex::brain::~brain()
 .text._ZN3vex11competition8_disableEPv
                0x0000000003802e88       0xa4 /Users/andrewowen/Library/Application Support/Code/User/globalStorage/vexrobotics.vexcode/sdk/cpp/V5/V5_20240223_11_00_00/vexv5/libv5rt.a(vex_competition.cpp.obj)
                0x0000000003802e88                vex::competition::_disable(void*)
 .text._ZN3vex11competition11_autonomousEv
                0x0000000003802f2c       0x80 /Users/andrewowen/Library/Application Support/Code/User/globalStorage/vexrobotics.vexcode/sdk/cpp/V5/V5_20240223_11_00_00/vexv5/libv5rt.a(vex_competition.cpp.obj)
                0x0000000003802f2c                vex::competition::_autonomous()
 .text._ZN3vex11competition14_drivercontrolEv
                0x0000000003802fac       0x80 /Users/andrewowen/Library/Application Support/Code/User/globalStorage/vexrobotics.vexcode/sdk/cpp/V5/V5_20240223_11_00_00/vexv5/libv5rt.a(vex_competition.cpp.obj)
                0x0000000003802fac                vex::competition::_drivercontrol()
 .text._ZN3vex11competitionC2Ev
                0x000000000380302c      0x13c /Users/andrewowen/Library/Application Support/Code/User/globalStorage/vexrobotics.vexcode/sdk/cpp/V5/V5_20240223_11_00_00/vexv5/libv5rt.a(vex_competition.cpp.obj)
                0x000000000380302c                vex::competition::competition()
                0x000000000380302c                vex::competition::competition()
 .text._ZN3vex11competitionD2Ev
                0x0000000003803168        0x4 /Users/andrewowen/Library/Application Support/Code/User/globalStorage/vexrobotics.vexcode/sdk/cpp/V5/V5_20240223_11_00_00/vexv5/libv5rt.a(vex_competition.cpp.obj)
                0x0000000003803168                vex::competition::~competition()
                0x0000000003803168                vex::competition::~competition()
 .text._ZN3vex11competition10autonomousEPFvvE
                0x000000000380316c       0x44 /Users/andrewowen/Library/Application Support/Code/User/globalStorage/vexrobotics.vexcode/sdk/cpp/V5/V5_20240223_11_00_00/vexv5/libv5rt.a(vex_competition.cpp.obj)
                0x000000000380316c                vex::competition::autonomous(void (*)())
 .text._ZN3vex11competition13drivercontrolEPFvvE
                0x00000000038031b0       0x44 /Users/andrewowen/Library/Application Support/Code/User/globalStorage/vexrobotics.vexcode/sdk/cpp/V5/V5_20240223_11_00_00/vexv5/libv5rt.a(vex_competition.cpp.obj)
                0x00000000038031b0                vex::competition::drivercontrol(void (*)())
 .text._ZN3vex7triportD2Ev
                0x00000000038031f4       0x38 /Users/andrewowen/Library/Application Support/Code/User/globalStorage/vexrobotics.vexcode/sdk/cpp/V5/V5_20240223_11_00_00/vexv5/libv5rt.a(vex_triport.cpp.obj)
                0x00000000038031f4                vex::triport::~triport()
                0x00000000038031f4                vex::triport::~triport()
 .text._ZN3vex7triportD0Ev
                0x000000000380322c       0x1c /Users/andrewowen/Library/Application Support/Code/User/globalStorage/vexrobotics.vexcode/sdk/cpp/V5/V5_20240223_11_00_00/vexv5/libv5rt.a(vex_triport.cpp.obj)
                0x000000000380322c                vex::triport::~triport()
 .text._ZN3vex7triport9installedEv
                0x0000000003803248       0x18 /Users/andrewowen/Library/Application Support/Code/User/globalStorage/vexrobotics.vexcode/sdk/cpp/V5/V5_20240223_11_00_00/vexv5/libv5rt.a(vex_triport.cpp.obj)
                0x0000000003803248                vex::triport::installed()
 .text._ZN3vex7triport4portC2ElPS0_
                0x0000000003803260       0x74 /Users/andrewowen/Library/Application Support/Code/User/globalStorage/vexrobotics.vexcode/sdk/cpp/V5/V5_20240223_11_00_00/vexv5/libv5rt.a(vex_triport.cpp.obj)
                0x0000000003803260                vex::triport::port::port(long, vex::triport*)
                0x0000000003803260                vex::triport::port::port(long, vex::triport*)
 .text._ZN3vex7triportC2El
                0x00000000038032d4       0xf0 /Users/andrewowen/Library/Application Support/Code/User/globalStorage/vexrobotics.vexcode/sdk/cpp/V5/V5_20240223_11_00_00/vexv5/libv5rt.a(vex_triport.cpp.obj)
                0x00000000038032d4                vex::triport::triport(long)
                0x00000000038032d4                vex::triport::triport(long)
 .text._ZN3vex7triport4port4typeENS_11triportTypeE
                0x00000000038033c4       0x30 /Users/andrewowen/Library/Application Support/Code/User/globalStorage/vexrobotics.vexcode/sdk/cpp/V5/V5_20240223_11_00_00/vexv5/libv5rt.a(vex_triport.cpp.obj)
                0x00000000038033c4                vex::triport::port::type(vex::triportType)
 .text._ZN3vex7triport4port4typeEv
                0x00000000038033f4       0x38 /Users/andrewowen/Library/Application Support/Code/User/globalStorage/vexrobotics.vexcode/sdk/cpp/V5/V5_20240223_11_00_00/vexv5/libv5rt.a(vex_triport.cpp.obj)
                0x00000000038033f4                vex::triport::port::type()
 .text._ZN3vex7triport4port5valueEl
                0x000000000380342c       0x18 /Users/andrewowen/Library/Application Support/Code/User/globalStorage/vexrobotics.vexcode/sdk/cpp/V5/V5_20240223_11_00_00/vexv5/libv5rt.a(vex_triport.cpp.obj)
                0x000000000380342c                vex::triport::port::value(long)
 .text._ZN3vex11__trideviceC2ERNS_7triport4portENS_11triportTypeE
                0x0000000003803444       0x5c /Users/andrewowen/Library/Application Support/Code/User/globalStorage/vexrobotics.vexcode/sdk/cpp/V5/V5_20240223_11_00_00/vexv5/libv5rt.a(vex_triport.cpp.obj)
                0x0000000003803444                vex::__tridevice::__tridevice(vex::triport::port&, vex::triportType)
                0x0000000003803444                vex::__tridevice::__tridevice(vex::triport::port&, vex::triportType)
 .text._ZN3vex11digital_outC2ERNS_7triport4portE
                0x00000000038034a0       0x18 /Users/andrewowen/Library/Application Support/Code/User/globalStorage/vexrobotics.vexcode/sdk/cpp/V5/V5_20240223_11_00_00/vexv5/libv5rt.a(vex_triport.cpp.obj)
                0x00000000038034a0                vex::digital_out::digital_out(vex::triport::port&)
                0x00000000038034a0                vex::digital_out::digital_out(vex::triport::port&)
 .text._ZN3vex11digital_out3setEb
                0x00000000038034b8        0x8 /Users/andrewowen/Library/Application Support/Code/User/globalStorage/vexrobotics.vexcode/sdk/cpp/V5/V5_20240223_11_00_00/vexv5/libv5rt.a(vex_triport.cpp.obj)
                0x00000000038034b8                vex::digital_out::set(bool)
 .text._ZN3vex10pneumaticsC2ERNS_7triport4portE
                0x00000000038034c0       0x14 /Users/andrewowen/Library/Application Support/Code/User/globalStorage/vexrobotics.vexcode/sdk/cpp/V5/V5_20240223_11_00_00/vexv5/libv5rt.a(vex_triport.cpp.obj)
                0x00000000038034c0                vex::pneumatics::pneumatics(vex::triport::port&)
                0x00000000038034c0                vex::pneumatics::pneumatics(vex::triport::port&)
 .text._ZN3vex10pneumaticsD2Ev
                0x00000000038034d4        0x4 /Users/andrewowen/Library/Application Support/Code/User/globalStorage/vexrobotics.vexcode/sdk/cpp/V5/V5_20240223_11_00_00/vexv5/libv5rt.a(vex_triport.cpp.obj)
                0x00000000038034d4                vex::pneumatics::~pneumatics()
                0x00000000038034d4                vex::pneumatics::~pneumatics()
 .text._ZN3vex10pneumatics4openEv
                0x00000000038034d8        0x8 /Users/andrewowen/Library/Application Support/Code/User/globalStorage/vexrobotics.vexcode/sdk/cpp/V5/V5_20240223_11_00_00/vexv5/libv5rt.a(vex_triport.cpp.obj)
                0x00000000038034d8                vex::pneumatics::open()
 .text._ZN3vex10pneumatics5closeEv
                0x00000000038034e0        0x8 /Users/andrewowen/Library/Application Support/Code/User/globalStorage/vexrobotics.vexcode/sdk/cpp/V5/V5_20240223_11_00_00/vexv5/libv5rt.a(vex_triport.cpp.obj)
                0x00000000038034e0                vex::pneumatics::close()
 .text._ZN3vex5colorD2Ev
                0x00000000038034e8        0x4 /Users/andrewowen/Library/Application Support/Code/User/globalStorage/vexrobotics.vexcode/sdk/cpp/V5/V5_20240223_11_00_00/vexv5/libv5rt.a(vex_color.cpp.obj)
                0x00000000038034e8                vex::color::~color()
                0x00000000038034e8                vex::color::~color()
 .text.startup._GLOBAL__sub_I__ZN3vex5color5blackE
                0x00000000038034ec      0x164 /Users/andrewowen/Library/Application Support/Code/User/globalStorage/vexrobotics.vexcode/sdk/cpp/V5/V5_20240223_11_00_00/vexv5/libv5rt.a(vex_color.cpp.obj)
 .text._ZN3vex5timerD2Ev
                0x0000000003803650        0x4 /Users/andrewowen/Library/Application Support/Code/User/globalStorage/vexrobotics.vexcode/sdk/cpp/V5/V5_20240223_11_00_00/vexv5/libv5rt.a(vex_timer.cpp.obj)
                0x0000000003803650                vex::timer::~timer()
                0x0000000003803650                vex::timer::~timer()
 .text._ZN3vex5timer5clearEv
                0x0000000003803654       0x1c /Users/andrewowen/Library/Application Support/Code/User/globalStorage/vexrobotics.vexcode/sdk/cpp/V5/V5_20240223_11_00_00/vexv5/libv5rt.a(vex_timer.cpp.obj)
                0x0000000003803654                vex::timer::clear()
 .text._ZN3vex5timerC2Ev
                0x0000000003803670       0x14 /Users/andrewowen/Library/Application Support/Code/User/globalStorage/vexrobotics.vexcode/sdk/cpp/V5/V5_20240223_11_00_00/vexv5/libv5rt.a(vex_timer.cpp.obj)
                0x0000000003803670                vex::timer::timer()
                0x0000000003803670                vex::timer::timer()
 *fill*         0x0000000003803684        0x4 
 .text._ZNK3vex5timer4timeENS_9timeUnitsE
                0x0000000003803688       0x40 /Users/andrewowen/Library/Application Support/Code/User/globalStorage/vexrobotics.vexcode/sdk/cpp/V5/V5_20240223_11_00_00/vexv5/libv5rt.a(vex_timer.cpp.obj)
                0x0000000003803688                vex::timer::time(vex::timeUnits) const
 .text._ZNK3vex5timer5valueEv
                0x00000000038036c8        0x8 /Users/andrewowen/Library/Application Support/Code/User/globalStorage/vexrobotics.vexcode/sdk/cpp/V5/V5_20240223_11_00_00/vexv5/libv5rt.a(vex_timer.cpp.obj)
                0x00000000038036c8                vex::timer::value() const
 .text._ZN3vex11motor_group18motor_group_motorsC2Ev
                0x00000000038036d0       0x28 /Users/andrewowen/Library/Application Support/Code/User/globalStorage/vexrobotics.vexcode/sdk/cpp/V5/V5_20240223_11_00_00/vexv5/libv5rt.a(vex_motorgroup.cpp.obj)
                0x00000000038036d0                vex::motor_group::motor_group_motors::motor_group_motors()
                0x00000000038036d0                vex::motor_group::motor_group_motors::motor_group_motors()
 .text._ZN3vex11motor_groupC2Ev
                0x00000000038036f8       0x1c /Users/andrewowen/Library/Application Support/Code/User/globalStorage/vexrobotics.vexcode/sdk/cpp/V5/V5_20240223_11_00_00/vexv5/libv5rt.a(vex_motorgroup.cpp.obj)
                0x00000000038036f8                vex::motor_group::motor_group()
                0x00000000038036f8                vex::motor_group::motor_group()
 .text._ZN3vex11motor_groupD2Ev
                0x0000000003803714        0x4 /Users/andrewowen/Library/Application Support/Code/User/globalStorage/vexrobotics.vexcode/sdk/cpp/V5/V5_20240223_11_00_00/vexv5/libv5rt.a(vex_motorgroup.cpp.obj)
                0x0000000003803714                vex::motor_group::~motor_group()
                0x0000000003803714                vex::motor_group::~motor_group()
 .text._ZN3vex11motor_group9_addMotorEv
                0x0000000003803718        0x4 /Users/andrewowen/Library/Application Support/Code/User/globalStorage/vexrobotics.vexcode/sdk/cpp/V5/V5_20240223_11_00_00/vexv5/libv5rt.a(vex_motorgroup.cpp.obj)
                0x0000000003803718                vex::motor_group::_addMotor()
 .text._ZN3vex11motor_group9_addMotorERNS_5motorE
                0x000000000380371c       0x20 /Users/andrewowen/Library/Application Support/Code/User/globalStorage/vexrobotics.vexcode/sdk/cpp/V5/V5_20240223_11_00_00/vexv5/libv5rt.a(vex_motorgroup.cpp.obj)
                0x000000000380371c                vex::motor_group::_addMotor(vex::motor&)
 .text._ZN3vex11motor_group11setVelocityEdNS_13velocityUnitsE
                0x000000000380373c       0x4c /Users/andrewowen/Library/Application Support/Code/User/globalStorage/vexrobotics.vexcode/sdk/cpp/V5/V5_20240223_11_00_00/vexv5/libv5rt.a(vex_motorgroup.cpp.obj)
                0x000000000380373c                vex::motor_group::setVelocity(double, vex::velocityUnits)
 .text._ZN3vex11motor_group11setStoppingENS_9brakeTypeE
                0x0000000003803788       0x38 /Users/andrewowen/Library/Application Support/Code/User/globalStorage/vexrobotics.vexcode/sdk/cpp/V5/V5_20240223_11_00_00/vexv5/libv5rt.a(vex_motorgroup.cpp.obj)
                0x0000000003803788                vex::motor_group::setStopping(vex::brakeType)
 .text._ZN3vex11motor_group11setPositionEdNS_13rotationUnitsE
                0x00000000038037c0       0x4c /Users/andrewowen/Library/Application Support/Code/User/globalStorage/vexrobotics.vexcode/sdk/cpp/V5/V5_20240223_11_00_00/vexv5/libv5rt.a(vex_motorgroup.cpp.obj)
                0x00000000038037c0                vex::motor_group::setPosition(double, vex::rotationUnits)
 .text._ZN3vex11motor_group4spinENS_13directionTypeE
                0x000000000380380c       0x38 /Users/andrewowen/Library/Application Support/Code/User/globalStorage/vexrobotics.vexcode/sdk/cpp/V5/V5_20240223_11_00_00/vexv5/libv5rt.a(vex_motorgroup.cpp.obj)
                0x000000000380380c                vex::motor_group::spin(vex::directionType)
 .text._ZN3vex11motor_group12setMaxTorqueEdNS_12percentUnitsE
                0x0000000003803844       0x4c /Users/andrewowen/Library/Application Support/Code/User/globalStorage/vexrobotics.vexcode/sdk/cpp/V5/V5_20240223_11_00_00/vexv5/libv5rt.a(vex_motorgroup.cpp.obj)
                0x0000000003803844                vex::motor_group::setMaxTorque(double, vex::percentUnits)
 .text.vexAdiPortConfigSet
                0x0000000003803890       0x28 /Users/andrewowen/Library/Application Support/Code/User/globalStorage/vexrobotics.vexcode/sdk/cpp/V5/V5_20240223_11_00_00/vexv5/libv5rt.a(v5_apiuser.c.obj)
                0x0000000003803890                vexAdiPortConfigSet
 .text.vexAdiPortConfigGet
                0x00000000038038b8       0x28 /Users/andrewowen/Library/Application Support/Code/User/globalStorage/vexrobotics.vexcode/sdk/cpp/V5/V5_20240223_11_00_00/vexv5/libv5rt.a(v5_apiuser.c.obj)
                0x00000000038038b8                vexAdiPortConfigGet
 .text.vexAdiValueSet
                0x00000000038038e0       0x28 /Users/andrewowen/Library/Application Support/Code/User/globalStorage/vexrobotics.vexcode/sdk/cpp/V5/V5_20240223_11_00_00/vexv5/libv5rt.a(v5_apiuser.c.obj)
                0x00000000038038e0                vexAdiValueSet
 .text.vexMotorVelocitySet
                0x0000000003803908       0x20 /Users/andrewowen/Library/Application Support/Code/User/globalStorage/vexrobotics.vexcode/sdk/cpp/V5/V5_20240223_11_00_00/vexv5/libv5rt.a(v5_apiuser.c.obj)
                0x0000000003803908                vexMotorVelocitySet
 .text.vexMotorVelocityGet
                0x0000000003803928       0x18 /Users/andrewowen/Library/Application Support/Code/User/globalStorage/vexrobotics.vexcode/sdk/cpp/V5/V5_20240223_11_00_00/vexv5/libv5rt.a(v5_apiuser.c.obj)
                0x0000000003803928                vexMotorVelocityGet
 .text.vexMotorActualVelocityGet
                0x0000000003803940       0x24 /Users/andrewowen/Library/Application Support/Code/User/globalStorage/vexrobotics.vexcode/sdk/cpp/V5/V5_20240223_11_00_00/vexv5/libv5rt.a(v5_apiuser.c.obj)
                0x0000000003803940                vexMotorActualVelocityGet
 .text.vexMotorModeGet
                0x0000000003803964       0x18 /Users/andrewowen/Library/Application Support/Code/User/globalStorage/vexrobotics.vexcode/sdk/cpp/V5/V5_20240223_11_00_00/vexv5/libv5rt.a(v5_apiuser.c.obj)
                0x0000000003803964                vexMotorModeGet
 .text.vexMotorCurrentLimitSet
                0x000000000380397c       0x20 /Users/andrewowen/Library/Application Support/Code/User/globalStorage/vexrobotics.vexcode/sdk/cpp/V5/V5_20240223_11_00_00/vexv5/libv5rt.a(v5_apiuser.c.obj)
                0x000000000380397c                vexMotorCurrentLimitSet
 .text.vexMotorTorqueGet
                0x000000000380399c       0x24 /Users/andrewowen/Library/Application Support/Code/User/globalStorage/vexrobotics.vexcode/sdk/cpp/V5/V5_20240223_11_00_00/vexv5/libv5rt.a(v5_apiuser.c.obj)
                0x000000000380399c                vexMotorTorqueGet
 .text.vexMotorZeroPositionFlagGet
                0x00000000038039c0       0x18 /Users/andrewowen/Library/Application Support/Code/User/globalStorage/vexrobotics.vexcode/sdk/cpp/V5/V5_20240223_11_00_00/vexv5/libv5rt.a(v5_apiuser.c.obj)
                0x00000000038039c0                vexMotorZeroPositionFlagGet
 .text.vexMotorReverseFlagSet
                0x00000000038039d8       0x20 /Users/andrewowen/Library/Application Support/Code/User/globalStorage/vexrobotics.vexcode/sdk/cpp/V5/V5_20240223_11_00_00/vexv5/libv5rt.a(v5_apiuser.c.obj)
                0x00000000038039d8                vexMotorReverseFlagSet
 .text.vexMotorEncoderUnitsSet
                0x00000000038039f8       0x20 /Users/andrewowen/Library/Application Support/Code/User/globalStorage/vexrobotics.vexcode/sdk/cpp/V5/V5_20240223_11_00_00/vexv5/libv5rt.a(v5_apiuser.c.obj)
                0x00000000038039f8                vexMotorEncoderUnitsSet
 .text.vexMotorBrakeModeSet
                0x0000000003803a18       0x20 /Users/andrewowen/Library/Application Support/Code/User/globalStorage/vexrobotics.vexcode/sdk/cpp/V5/V5_20240223_11_00_00/vexv5/libv5rt.a(v5_apiuser.c.obj)
                0x0000000003803a18                vexMotorBrakeModeSet
 .text.vexMotorPositionSet
                0x0000000003803a38       0x28 /Users/andrewowen/Library/Application Support/Code/User/globalStorage/vexrobotics.vexcode/sdk/cpp/V5/V5_20240223_11_00_00/vexv5/libv5rt.a(v5_apiuser.c.obj)
                0x0000000003803a38                vexMotorPositionSet
 .text.vexMotorPositionGet
                0x0000000003803a60       0x24 /Users/andrewowen/Library/Application Support/Code/User/globalStorage/vexrobotics.vexcode/sdk/cpp/V5/V5_20240223_11_00_00/vexv5/libv5rt.a(v5_apiuser.c.obj)
                0x0000000003803a60                vexMotorPositionGet
 .text.vexMotorAbsoluteTargetSet
                0x0000000003803a84       0x30 /Users/andrewowen/Library/Application Support/Code/User/globalStorage/vexrobotics.vexcode/sdk/cpp/V5/V5_20240223_11_00_00/vexv5/libv5rt.a(v5_apiuser.c.obj)
                0x0000000003803a84                vexMotorAbsoluteTargetSet
 .text.vexMotorGearingSet
                0x0000000003803ab4       0x20 /Users/andrewowen/Library/Application Support/Code/User/globalStorage/vexrobotics.vexcode/sdk/cpp/V5/V5_20240223_11_00_00/vexv5/libv5rt.a(v5_apiuser.c.obj)
                0x0000000003803ab4                vexMotorGearingSet
 .text.vexMotorGearingGet
                0x0000000003803ad4       0x18 /Users/andrewowen/Library/Application Support/Code/User/globalStorage/vexrobotics.vexcode/sdk/cpp/V5/V5_20240223_11_00_00/vexv5/libv5rt.a(v5_apiuser.c.obj)
                0x0000000003803ad4                vexMotorGearingGet
 .text.vexImuReset
                0x0000000003803aec       0x10 /Users/andrewowen/Library/Application Support/Code/User/globalStorage/vexrobotics.vexcode/sdk/cpp/V5/V5_20240223_11_00_00/vexv5/libv5rt.a(v5_apiuser.c.obj)
                0x0000000003803aec                vexImuReset
 .text.vexImuHeadingGet
                0x0000000003803afc       0x10 /Users/andrewowen/Library/Application Support/Code/User/globalStorage/vexrobotics.vexcode/sdk/cpp/V5/V5_20240223_11_00_00/vexv5/libv5rt.a(v5_apiuser.c.obj)
                0x0000000003803afc                vexImuHeadingGet
 .text.vexImuDegreesGet
                0x0000000003803b0c       0x10 /Users/andrewowen/Library/Application Support/Code/User/globalStorage/vexrobotics.vexcode/sdk/cpp/V5/V5_20240223_11_00_00/vexv5/libv5rt.a(v5_apiuser.c.obj)
                0x0000000003803b0c                vexImuDegreesGet
 .text.vexImuStatusGet
                0x0000000003803b1c       0x10 /Users/andrewowen/Library/Application Support/Code/User/globalStorage/vexrobotics.vexcode/sdk/cpp/V5/V5_20240223_11_00_00/vexv5/libv5rt.a(v5_apiuser.c.obj)
                0x0000000003803b1c                vexImuStatusGet
 .text.vexEventMaskSet
                0x0000000003803b2c       0x28 /Users/andrewowen/Library/Application Support/Code/User/globalStorage/vexrobotics.vexcode/sdk/cpp/V5/V5_20240223_11_00_00/vexv5/libv5rt.a(v5_apiuser.c.obj)
                0x0000000003803b2c                vexEventMaskSet
 .text.vexEventMaskGet
                0x0000000003803b54       0x18 /Users/andrewowen/Library/Application Support/Code/User/globalStorage/vexrobotics.vexcode/sdk/cpp/V5/V5_20240223_11_00_00/vexv5/libv5rt.a(v5_apiuser.c.obj)
                0x0000000003803b54                vexEventMaskGet
 .text._ZN3vex6deviceD2Ev
                0x0000000003803b6c        0x4 /Users/andrewowen/Library/Application Support/Code/User/globalStorage/vexrobotics.vexcode/sdk/cpp/V5/V5_20240223_11_00_00/vexv5/libv5rt.a(vex_device.cpp.obj)
                0x0000000003803b6c                vex::device::~device()
                0x0000000003803b6c                vex::device::~device()
 .text._ZN3vex6device5valueEv
                0x0000000003803b70        0x8 /Users/andrewowen/Library/Application Support/Code/User/globalStorage/vexrobotics.vexcode/sdk/cpp/V5/V5_20240223_11_00_00/vexv5/libv5rt.a(vex_device.cpp.obj)
                0x0000000003803b70                vex::device::value()
 .text._ZN3vex6deviceD0Ev
                0x0000000003803b78       0x14 /Users/andrewowen/Library/Application Support/Code/User/globalStorage/vexrobotics.vexcode/sdk/cpp/V5/V5_20240223_11_00_00/vexv5/libv5rt.a(vex_device.cpp.obj)
                0x0000000003803b78                vex::device::~device()
 .text._ZN3vex6device4initEl
                0x0000000003803b8c       0x30 /Users/andrewowen/Library/Application Support/Code/User/globalStorage/vexrobotics.vexcode/sdk/cpp/V5/V5_20240223_11_00_00/vexv5/libv5rt.a(vex_device.cpp.obj)
                0x0000000003803b8c                vex::device::init(long)
 .text._ZN3vex6deviceC2El
                0x0000000003803bbc       0x20 /Users/andrewowen/Library/Application Support/Code/User/globalStorage/vexrobotics.vexcode/sdk/cpp/V5/V5_20240223_11_00_00/vexv5/libv5rt.a(vex_device.cpp.obj)
                0x0000000003803bbc                vex::device::device(long)
                0x0000000003803bbc                vex::device::device(long)
 .text._ZN3vex6device4typeEv
                0x0000000003803bdc       0x10 /Users/andrewowen/Library/Application Support/Code/User/globalStorage/vexrobotics.vexcode/sdk/cpp/V5/V5_20240223_11_00_00/vexv5/libv5rt.a(vex_device.cpp.obj)
                0x0000000003803bdc                vex::device::type()
 .text._ZN3vex6device9installedEv
                0x0000000003803bec       0x14 /Users/andrewowen/Library/Application Support/Code/User/globalStorage/vexrobotics.vexcode/sdk/cpp/V5/V5_20240223_11_00_00/vexv5/libv5rt.a(vex_device.cpp.obj)
                0x0000000003803bec                vex::device::installed()
 .text._ZN3vex4taskC2EPFivE
                0x0000000003803c00       0x5c /Users/andrewowen/Library/Application Support/Code/User/globalStorage/vexrobotics.vexcode/sdk/cpp/V5/V5_20240223_11_00_00/vexv5/libv5rt.a(vex_task.cpp.obj)
                0x0000000003803c00                vex::task::task(int (*)())
                0x0000000003803c00                vex::task::task(int (*)())
 .text._ZN3vex4taskD2Ev
                0x0000000003803c5c        0x4 /Users/andrewowen/Library/Application Support/Code/User/globalStorage/vexrobotics.vexcode/sdk/cpp/V5/V5_20240223_11_00_00/vexv5/libv5rt.a(vex_task.cpp.obj)
                0x0000000003803c5c                vex::task::~task()
                0x0000000003803c5c                vex::task::~task()
 .text._ZN3vex4task4stopEPvi
                0x0000000003803c60       0x1c /Users/andrewowen/Library/Application Support/Code/User/globalStorage/vexrobotics.vexcode/sdk/cpp/V5/V5_20240223_11_00_00/vexv5/libv5rt.a(vex_task.cpp.obj)
                0x0000000003803c60                vex::task::stop(void*, int)
 .text._ZN3vex4task6_indexEPFivE
                0x0000000003803c7c       0x14 /Users/andrewowen/Library/Application Support/Code/User/globalStorage/vexrobotics.vexcode/sdk/cpp/V5/V5_20240223_11_00_00/vexv5/libv5rt.a(vex_task.cpp.obj)
                0x0000000003803c7c                vex::task::_index(int (*)())
 .text._ZN3vex4task8_stopAllEv
                0x0000000003803c90       0x3c /Users/andrewowen/Library/Application Support/Code/User/globalStorage/vexrobotics.vexcode/sdk/cpp/V5/V5_20240223_11_00_00/vexv5/libv5rt.a(vex_task.cpp.obj)
                0x0000000003803c90                vex::task::_stopAll()
 .text.__libc_fini_array
                0x0000000003803ccc       0x30 /Users/andrewowen/Library/Application Support/Code/User/globalStorage/vexrobotics.vexcode/sdk/cpp/V5/V5_20240223_11_00_00/vexv5/gcc/libs/libc.a(lib_a-fini.o)
                0x0000000003803ccc                __libc_fini_array
 .text.__libc_init_array
                0x0000000003803cfc       0x58 /Users/andrewowen/Library/Application Support/Code/User/globalStorage/vexrobotics.vexcode/sdk/cpp/V5/V5_20240223_11_00_00/vexv5/gcc/libs/libc.a(lib_a-init.o)
                0x0000000003803cfc                __libc_init_array
 .text._puts_r  0x0000000003803d54       0x68 /Users/andrewowen/Library/Application Support/Code/User/globalStorage/vexrobotics.vexcode/sdk/cpp/V5/V5_20240223_11_00_00/vexv5/gcc/libs/libc.a(lib_a-puts.o)
                0x0000000003803d54                _puts_r
 .text.puts     0x0000000003803dbc       0x10 /Users/andrewowen/Library/Application Support/Code/User/globalStorage/vexrobotics.vexcode/sdk/cpp/V5/V5_20240223_11_00_00/vexv5/gcc/libs/libc.a(lib_a-puts.o)
                0x0000000003803dbc                puts
 *fill*         0x0000000003803dcc        0x4 
 .text.puts.__stub
                0x0000000003803dd0       0x18 linker stubs
 *(.gnu.linkonce.t.*)
 *(.plt)
 *(.gnu_warning)
 *(.gcc_except_table)
 *(.glue_7)
 .glue_7        0x0000000003803de8        0x0 linker stubs
 *(.glue_7t)
 .glue_7t       0x0000000003803de8        0x0 linker stubs
 *(.vfp11_veneer)
 .vfp11_veneer  0x0000000003803de8        0x0 linker stubs
 *(.ARM.extab)
 *(.gnu.linkonce.armextab.*)

.v4_bx          0x0000000003803de8        0x0
 .v4_bx         0x0000000003803de8        0x0 linker stubs

.iplt           0x0000000003803de8        0x0
 .iplt          0x0000000003803de8        0x0 build/src/controller_button.o

.init
 *(.init)

.fini
 *(.fini)

.rodata         0x0000000003803de8      0x234
                0x0000000003803de8                __rodata_start = .
 *(.rodata)
 *(.rodata.*)
 .rodata.str1.1
                0x0000000003803de8        0x0 build/src/driverControl.o
                                          0x4 (size before relaxing)
 .rodata.str1.1
                0x0000000003803de8       0x4e build/src/main.o
                                         0x52 (size before relaxing)
 *fill*         0x0000000003803e36        0x2 
 .rodata._ZTV16ControllerButtonIL20ControllerButtonType10EE
                0x0000000003803e38        0xc build/src/main.o
                0x0000000003803e38                vtable for ControllerButton<(ControllerButtonType)10>
 .rodata._ZTV16ControllerButtonIL20ControllerButtonType11EE
                0x0000000003803e44        0xc build/src/main.o
                0x0000000003803e44                vtable for ControllerButton<(ControllerButtonType)11>
 .rodata._ZTV16ControllerButtonIL20ControllerButtonType8EE
                0x0000000003803e50        0xc build/src/main.o
                0x0000000003803e50                vtable for ControllerButton<(ControllerButtonType)8>
 .rodata.str1.1
                0x0000000003803e5c        0x4 build/src/robot-config.o
 .rodata.str1.1
                0x0000000003803e5c       0x2e /Users/andrewowen/Library/Application Support/Code/User/globalStorage/vexrobotics.vexcode/sdk/cpp/V5/V5_20240223_11_00_00/vexv5/libv5rt.a(v5_startup.c.obj)
 *fill*         0x0000000003803e8a        0x2 
 .rodata._ZN3vex6PORT10E
                0x0000000003803e8c        0x4 /Users/andrewowen/Library/Application Support/Code/User/globalStorage/vexrobotics.vexcode/sdk/cpp/V5/V5_20240223_11_00_00/vexv5/libv5rt.a(vex_global.cpp.obj)
                0x0000000003803e8c                vex::PORT10
 .rodata._ZN3vex7forwardE
                0x0000000003803e90        0x4 /Users/andrewowen/Library/Application Support/Code/User/globalStorage/vexrobotics.vexcode/sdk/cpp/V5/V5_20240223_11_00_00/vexv5/libv5rt.a(vex_global.cpp.obj)
                0x0000000003803e90                vex::forward
 .rodata._ZN3vex4msecE
                0x0000000003803e94        0x4 /Users/andrewowen/Library/Application Support/Code/User/globalStorage/vexrobotics.vexcode/sdk/cpp/V5/V5_20240223_11_00_00/vexv5/libv5rt.a(vex_global.cpp.obj)
                0x0000000003803e94                vex::msec
 .rodata._ZN3vex6PORT18E
                0x0000000003803e98        0x4 /Users/andrewowen/Library/Application Support/Code/User/globalStorage/vexrobotics.vexcode/sdk/cpp/V5/V5_20240223_11_00_00/vexv5/libv5rt.a(vex_global.cpp.obj)
                0x0000000003803e98                vex::PORT18
 .rodata._ZN3vex5PORT2E
                0x0000000003803e9c        0x4 /Users/andrewowen/Library/Application Support/Code/User/globalStorage/vexrobotics.vexcode/sdk/cpp/V5/V5_20240223_11_00_00/vexv5/libv5rt.a(vex_global.cpp.obj)
                0x0000000003803e9c                vex::PORT2
 .rodata._ZN3vex3rpmE
                0x0000000003803ea0        0x4 /Users/andrewowen/Library/Application Support/Code/User/globalStorage/vexrobotics.vexcode/sdk/cpp/V5/V5_20240223_11_00_00/vexv5/libv5rt.a(vex_global.cpp.obj)
                0x0000000003803ea0                vex::rpm
 .rodata._ZN3vex2NmE
                0x0000000003803ea4        0x4 /Users/andrewowen/Library/Application Support/Code/User/globalStorage/vexrobotics.vexcode/sdk/cpp/V5/V5_20240223_11_00_00/vexv5/libv5rt.a(vex_global.cpp.obj)
                0x0000000003803ea4                vex::Nm
 .rodata._ZN3vex6PORT11E
                0x0000000003803ea8        0x4 /Users/andrewowen/Library/Application Support/Code/User/globalStorage/vexrobotics.vexcode/sdk/cpp/V5/V5_20240223_11_00_00/vexv5/libv5rt.a(vex_global.cpp.obj)
                0x0000000003803ea8                vex::PORT11
 .rodata._ZN3vex3degE
                0x0000000003803eac        0x4 /Users/andrewowen/Library/Application Support/Code/User/globalStorage/vexrobotics.vexcode/sdk/cpp/V5/V5_20240223_11_00_00/vexv5/libv5rt.a(vex_global.cpp.obj)
                0x0000000003803eac                vex::deg
 .rodata._ZN3vex7percentE
                0x0000000003803eb0        0x4 /Users/andrewowen/Library/Application Support/Code/User/globalStorage/vexrobotics.vexcode/sdk/cpp/V5/V5_20240223_11_00_00/vexv5/libv5rt.a(vex_global.cpp.obj)
                0x0000000003803eb0                vex::percent
 .rodata._ZN3vex7degreesE
                0x0000000003803eb4        0x4 /Users/andrewowen/Library/Application Support/Code/User/globalStorage/vexrobotics.vexcode/sdk/cpp/V5/V5_20240223_11_00_00/vexv5/libv5rt.a(vex_global.cpp.obj)
                0x0000000003803eb4                vex::degrees
 .rodata._ZN3vex6PORT22E
                0x0000000003803eb8        0x4 /Users/andrewowen/Library/Application Support/Code/User/globalStorage/vexrobotics.vexcode/sdk/cpp/V5/V5_20240223_11_00_00/vexv5/libv5rt.a(vex_global.cpp.obj)
                0x0000000003803eb8                vex::PORT22
 .rodata._ZN3vex6PORT12E
                0x0000000003803ebc        0x4 /Users/andrewowen/Library/Application Support/Code/User/globalStorage/vexrobotics.vexcode/sdk/cpp/V5/V5_20240223_11_00_00/vexv5/libv5rt.a(vex_global.cpp.obj)
                0x0000000003803ebc                vex::PORT12
 .rodata._ZN3vex6PORT13E
                0x0000000003803ec0        0x4 /Users/andrewowen/Library/Application Support/Code/User/globalStorage/vexrobotics.vexcode/sdk/cpp/V5/V5_20240223_11_00_00/vexv5/libv5rt.a(vex_global.cpp.obj)
                0x0000000003803ec0                vex::PORT13
 .rodata._ZN3vex6PORT17E
                0x0000000003803ec4        0x4 /Users/andrewowen/Library/Application Support/Code/User/globalStorage/vexrobotics.vexcode/sdk/cpp/V5/V5_20240223_11_00_00/vexv5/libv5rt.a(vex_global.cpp.obj)
                0x0000000003803ec4                vex::PORT17
 .rodata._ZN3vex7secondsE
                0x0000000003803ec8        0x4 /Users/andrewowen/Library/Application Support/Code/User/globalStorage/vexrobotics.vexcode/sdk/cpp/V5/V5_20240223_11_00_00/vexv5/libv5rt.a(vex_global.cpp.obj)
                0x0000000003803ec8                vex::seconds
 *fill*         0x0000000003803ecc        0x4 
 .rodata._ZTVN3vex5motorE
                0x0000000003803ed0       0x18 /Users/andrewowen/Library/Application Support/Code/User/globalStorage/vexrobotics.vexcode/sdk/cpp/V5/V5_20240223_11_00_00/vexv5/libv5rt.a(vex_motor.cpp.obj)
                0x0000000003803ed0                vtable for vex::motor
 .rodata._ZTVN3vex8inertialE
                0x0000000003803ee8       0x68 /Users/andrewowen/Library/Application Support/Code/User/globalStorage/vexrobotics.vexcode/sdk/cpp/V5/V5_20240223_11_00_00/vexv5/libv5rt.a(vex_imu.cpp.obj)
                0x0000000003803ee8                vtable for vex::inertial
 .rodata.CSWTCH.16
                0x0000000003803f50        0xb /Users/andrewowen/Library/Application Support/Code/User/globalStorage/vexrobotics.vexcode/sdk/cpp/V5/V5_20240223_11_00_00/vexv5/libv5rt.a(vex_controller.cpp.obj)
 .rodata.CSWTCH.18
                0x0000000003803f5b        0xb /Users/andrewowen/Library/Application Support/Code/User/globalStorage/vexrobotics.vexcode/sdk/cpp/V5/V5_20240223_11_00_00/vexv5/libv5rt.a(vex_controller.cpp.obj)
 .rodata.CSWTCH.24
                0x0000000003803f66        0x3 /Users/andrewowen/Library/Application Support/Code/User/globalStorage/vexrobotics.vexcode/sdk/cpp/V5/V5_20240223_11_00_00/vexv5/libv5rt.a(vex_controller.cpp.obj)
 .rodata.str1.1
                0x0000000003803f69       0x14 /Users/andrewowen/Library/Application Support/Code/User/globalStorage/vexrobotics.vexcode/sdk/cpp/V5/V5_20240223_11_00_00/vexv5/libv5rt.a(vex_thread.cpp.obj)
 .rodata.str1.1
                0x0000000003803f7d       0x2d /Users/andrewowen/Library/Application Support/Code/User/globalStorage/vexrobotics.vexcode/sdk/cpp/V5/V5_20240223_11_00_00/vexv5/libv5rt.a(vex_brain.cpp.obj)
 *fill*         0x0000000003803faa        0x6 
 .rodata._ZTVN3vex7triportE
                0x0000000003803fb0       0x18 /Users/andrewowen/Library/Application Support/Code/User/globalStorage/vexrobotics.vexcode/sdk/cpp/V5/V5_20240223_11_00_00/vexv5/libv5rt.a(vex_triport.cpp.obj)
                0x0000000003803fb0                vtable for vex::triport
 .rodata.CSWTCH.39
                0x0000000003803fc8        0xe /Users/andrewowen/Library/Application Support/Code/User/globalStorage/vexrobotics.vexcode/sdk/cpp/V5/V5_20240223_11_00_00/vexv5/libv5rt.a(vex_triport.cpp.obj)
 .rodata.CSWTCH.44
                0x0000000003803fd6       0x10 /Users/andrewowen/Library/Application Support/Code/User/globalStorage/vexrobotics.vexcode/sdk/cpp/V5/V5_20240223_11_00_00/vexv5/libv5rt.a(vex_triport.cpp.obj)
 *fill*         0x0000000003803fe6        0x2 
 .rodata._ZTVN3vex6deviceE
                0x0000000003803fe8       0x18 /Users/andrewowen/Library/Application Support/Code/User/globalStorage/vexrobotics.vexcode/sdk/cpp/V5/V5_20240223_11_00_00/vexv5/libv5rt.a(vex_device.cpp.obj)
                0x0000000003803fe8                vtable for vex::device
 .rodata.str1.1
                0x0000000003804000       0x14 /Users/andrewowen/Library/Application Support/Code/User/globalStorage/vexrobotics.vexcode/sdk/cpp/V5/V5_20240223_11_00_00/vexv5/libv5rt.a(vex_task.cpp.obj)
 .rodata.str1.4
                0x0000000003804014        0x2 /Users/andrewowen/Library/Application Support/Code/User/globalStorage/vexrobotics.vexcode/sdk/cpp/V5/V5_20240223_11_00_00/vexv5/gcc/libs/libc.a(lib_a-impure.o)
 *fill*         0x0000000003804016        0x2 
 .rodata.str1.4
                0x0000000003804018        0x4 /Users/andrewowen/Library/Application Support/Code/User/globalStorage/vexrobotics.vexcode/sdk/cpp/V5/V5_20240223_11_00_00/vexv5/gcc/libs/libc.a(lib_a-puts.o)
                                          0x2 (size before relaxing)
 *(.gnu.linkonce.r.*)
                0x000000000380401c                __rodata_end = .

.rodata1        0x000000000380401c        0x0
                0x000000000380401c                __rodata1_start = .
 *(.rodata1)
 *(.rodata1.*)
                0x000000000380401c                __rodata1_end = .

.sdata2         0x000000000380401c        0x0
                0x000000000380401c                __sdata2_start = .
 *(.sdata2)
 *(.sdata2.*)
 *(.gnu.linkonce.s2.*)
                0x000000000380401c                __sdata2_end = .

.sbss2          0x000000000380401c        0x0
                0x000000000380401c                __sbss2_start = .
 *(.sbss2)
 *(.sbss2.*)
 *(.gnu.linkonce.sb2.*)
                0x000000000380401c                __sbss2_end = .

.data           0x0000000003804020      0x49c
                0x0000000003804020                __data_start = .
 *(.data)
 *(.data.*)
 .data.inputTypeLookup
                0x0000000003804020       0x30 build/src/controller_button.o
                0x0000000003804020                inputTypeLookup
 .data.deadzoneX
                0x0000000003804050        0x4 build/src/driverControl.o
                0x0000000003804050                deadzoneX
 .data.deadzoneY
                0x0000000003804054        0x4 build/src/driverControl.o
                0x0000000003804054                deadzoneY
 .data.t        0x0000000003804058        0x4 build/src/driverControl.o
                0x0000000003804058                t
 .data.d        0x000000000380405c        0x4 build/src/driverControl.o
                0x000000000380405c                d
 .data.armPositions
                0x0000000003804060       0x28 build/src/robot-config.o
                0x0000000003804060                armPositions
 .data.appRunning
                0x0000000003804088        0x4 /Users/andrewowen/Library/Application Support/Code/User/globalStorage/vexrobotics.vexcode/sdk/cpp/V5/V5_20240223_11_00_00/vexv5/libv5rt.a(v5_startup.c.obj)
                0x0000000003804088                appRunning
 .data._ZN3vex24__default_motor_velocityE
                0x000000000380408c        0x4 /Users/andrewowen/Library/Application Support/Code/User/globalStorage/vexrobotics.vexcode/sdk/cpp/V5/V5_20240223_11_00_00/vexv5/libv5rt.a(vex_motor.cpp.obj)
                0x000000000380408c                vex::__default_motor_velocity
 .data.impure_data
                0x0000000003804090      0x428 /Users/andrewowen/Library/Application Support/Code/User/globalStorage/vexrobotics.vexcode/sdk/cpp/V5/V5_20240223_11_00_00/vexv5/gcc/libs/libc.a(lib_a-impure.o)
 .data._impure_ptr
                0x00000000038044b8        0x4 /Users/andrewowen/Library/Application Support/Code/User/globalStorage/vexrobotics.vexcode/sdk/cpp/V5/V5_20240223_11_00_00/vexv5/gcc/libs/libc.a(lib_a-impure.o)
                0x00000000038044b8                _impure_ptr
 *(.gnu.linkonce.d.*)
 *(.jcr)
 *(.got)
 *(.got.plt)
                0x00000000038044bc                __data_end = .

.igot.plt       0x00000000038044bc        0x0
 .igot.plt      0x00000000038044bc        0x0 build/src/controller_button.o

.data1          0x00000000038044bc        0x0
                0x00000000038044bc                __data1_start = .
 *(.data1)
 *(.data1.*)
                0x00000000038044bc                __data1_end = .

.got
 *(.got)

.ctors          0x00000000038044bc        0x0
                0x00000000038044bc                __CTOR_LIST__ = .
                0x00000000038044bc                ___CTORS_LIST___ = .
 *crtbegin.o(.ctors)
 *(EXCLUDE_FILE(*crtend.o) .ctors)
 *(SORT_BY_NAME(.ctors.*))
 *(.ctors)
                0x00000000038044bc                __CTOR_END__ = .
                0x00000000038044bc                ___CTORS_END___ = .

.dtors          0x00000000038044bc        0x0
                0x00000000038044bc                __DTOR_LIST__ = .
                0x00000000038044bc                ___DTORS_LIST___ = .
 *crtbegin.o(.dtors)
 *(EXCLUDE_FILE(*crtend.o) .dtors)
 *(SORT_BY_NAME(.dtors.*))
 *(.dtors)
                0x00000000038044bc                __DTOR_END__ = .
                0x00000000038044bc                ___DTORS_END___ = .

.fixup          0x00000000038044bc        0x0
                0x00000000038044bc                __fixup_start = .
 *(.fixup)
                0x00000000038044bc                __fixup_end = .

.eh_frame
 *(.eh_frame)

.eh_framehdr    0x00000000038044bc        0x0
                0x00000000038044bc                __eh_framehdr_start = .
 *(.eh_framehdr)
                0x00000000038044bc                __eh_framehdr_end = .

.gcc_except_table
 *(.gcc_except_table)

.mmu_tbl        0x0000000003808000        0x0
                0x0000000003808000                __mmu_tbl_start = .
 *(.mmu_tbl)
                0x0000000003808000                __mmu_tbl_end = .

.ARM.exidx      0x00000000038044bc        0x8
                0x00000000038044bc                __exidx_start = .
 *(.ARM.exidx*)
 .ARM.exidx.text._Z9switchArm11ArmPosition
                0x00000000038044bc        0x8 build/src/driverControl.o
 .ARM.exidx.text._Z14setDriveMotorsddd
                0x00000000038044c4        0x0 build/src/driverControl.o
                                          0x8 (size before relaxing)
 .ARM.exidx.text._Z10initializev
                0x00000000038044c4        0x0 build/src/main.o
                                          0x8 (size before relaxing)
 .ARM.exidx.text._Z10autonomousv
                0x00000000038044c4        0x0 build/src/main.o
                                          0x8 (size before relaxing)
 .ARM.exidx.text._Z17onButtonR1Changedj
                0x00000000038044c4        0x0 build/src/main.o